Archive member included to satisfy reference by file (symbol)

D:/STM32CubeIDE_1.16.0/STM32CubeIDE/plugins/com.st.stm32cube.ide.mcu.externaltools.gnu-tools-for-stm32.12.3.rel1.win32_1.0.200.202406191623/tools/bin/../lib/gcc/arm-none-eabi/12.3.1/../../../../arm-none-eabi/lib/thumb/v7e-m+dp/hard\libc_nano.a(libc_a-exit.o)
                              D:/STM32CubeIDE_1.16.0/STM32CubeIDE/plugins/com.st.stm32cube.ide.mcu.externaltools.gnu-tools-for-stm32.12.3.rel1.win32_1.0.200.202406191623/tools/bin/../lib/gcc/arm-none-eabi/12.3.1/../../../../arm-none-eabi/lib/thumb/v7e-m+dp/hard/crt0.o (exit)
D:/STM32CubeIDE_1.16.0/STM32CubeIDE/plugins/com.st.stm32cube.ide.mcu.externaltools.gnu-tools-for-stm32.12.3.rel1.win32_1.0.200.202406191623/tools/bin/../lib/gcc/arm-none-eabi/12.3.1/../../../../arm-none-eabi/lib/thumb/v7e-m+dp/hard\libc_nano.a(libc_a-nano-vfprintf_float.o)
                              (_printf_float)
D:/STM32CubeIDE_1.16.0/STM32CubeIDE/plugins/com.st.stm32cube.ide.mcu.externaltools.gnu-tools-for-stm32.12.3.rel1.win32_1.0.200.202406191623/tools/bin/../lib/gcc/arm-none-eabi/12.3.1/../../../../arm-none-eabi/lib/thumb/v7e-m+dp/hard\libc_nano.a(libc_a-nano-vfprintf_i.o)
                              D:/STM32CubeIDE_1.16.0/STM32CubeIDE/plugins/com.st.stm32cube.ide.mcu.externaltools.gnu-tools-for-stm32.12.3.rel1.win32_1.0.200.202406191623/tools/bin/../lib/gcc/arm-none-eabi/12.3.1/../../../../arm-none-eabi/lib/thumb/v7e-m+dp/hard\libc_nano.a(libc_a-nano-vfprintf_float.o) (_printf_common)
D:/STM32CubeIDE_1.16.0/STM32CubeIDE/plugins/com.st.stm32cube.ide.mcu.externaltools.gnu-tools-for-stm32.12.3.rel1.win32_1.0.200.202406191623/tools/bin/../lib/gcc/arm-none-eabi/12.3.1/../../../../arm-none-eabi/lib/thumb/v7e-m+dp/hard\libc_nano.a(libc_a-nano-vfscanf_float.o)
                              (_scanf_float)
D:/STM32CubeIDE_1.16.0/STM32CubeIDE/plugins/com.st.stm32cube.ide.mcu.externaltools.gnu-tools-for-stm32.12.3.rel1.win32_1.0.200.202406191623/tools/bin/../lib/gcc/arm-none-eabi/12.3.1/../../../../arm-none-eabi/lib/thumb/v7e-m+dp/hard\libc_nano.a(libc_a-findfp.o)
                              D:/STM32CubeIDE_1.16.0/STM32CubeIDE/plugins/com.st.stm32cube.ide.mcu.externaltools.gnu-tools-for-stm32.12.3.rel1.win32_1.0.200.202406191623/tools/bin/../lib/gcc/arm-none-eabi/12.3.1/../../../../arm-none-eabi/lib/thumb/v7e-m+dp/hard\libc_nano.a(libc_a-exit.o) (__stdio_exit_handler)
D:/STM32CubeIDE_1.16.0/STM32CubeIDE/plugins/com.st.stm32cube.ide.mcu.externaltools.gnu-tools-for-stm32.12.3.rel1.win32_1.0.200.202406191623/tools/bin/../lib/gcc/arm-none-eabi/12.3.1/../../../../arm-none-eabi/lib/thumb/v7e-m+dp/hard\libc_nano.a(libc_a-fwalk.o)
                              D:/STM32CubeIDE_1.16.0/STM32CubeIDE/plugins/com.st.stm32cube.ide.mcu.externaltools.gnu-tools-for-stm32.12.3.rel1.win32_1.0.200.202406191623/tools/bin/../lib/gcc/arm-none-eabi/12.3.1/../../../../arm-none-eabi/lib/thumb/v7e-m+dp/hard\libc_nano.a(libc_a-findfp.o) (_fwalk_sglue)
D:/STM32CubeIDE_1.16.0/STM32CubeIDE/plugins/com.st.stm32cube.ide.mcu.externaltools.gnu-tools-for-stm32.12.3.rel1.win32_1.0.200.202406191623/tools/bin/../lib/gcc/arm-none-eabi/12.3.1/../../../../arm-none-eabi/lib/thumb/v7e-m+dp/hard\libc_nano.a(libc_a-sprintf.o)
                              ./Core/Src/main.o (sprintf)
D:/STM32CubeIDE_1.16.0/STM32CubeIDE/plugins/com.st.stm32cube.ide.mcu.externaltools.gnu-tools-for-stm32.12.3.rel1.win32_1.0.200.202406191623/tools/bin/../lib/gcc/arm-none-eabi/12.3.1/../../../../arm-none-eabi/lib/thumb/v7e-m+dp/hard\libc_nano.a(libc_a-stdio.o)
                              D:/STM32CubeIDE_1.16.0/STM32CubeIDE/plugins/com.st.stm32cube.ide.mcu.externaltools.gnu-tools-for-stm32.12.3.rel1.win32_1.0.200.202406191623/tools/bin/../lib/gcc/arm-none-eabi/12.3.1/../../../../arm-none-eabi/lib/thumb/v7e-m+dp/hard\libc_nano.a(libc_a-findfp.o) (__sread)
D:/STM32CubeIDE_1.16.0/STM32CubeIDE/plugins/com.st.stm32cube.ide.mcu.externaltools.gnu-tools-for-stm32.12.3.rel1.win32_1.0.200.202406191623/tools/bin/../lib/gcc/arm-none-eabi/12.3.1/../../../../arm-none-eabi/lib/thumb/v7e-m+dp/hard\libc_nano.a(libc_a-memset.o)
                              D:/STM32CubeIDE_1.16.0/STM32CubeIDE/plugins/com.st.stm32cube.ide.mcu.externaltools.gnu-tools-for-stm32.12.3.rel1.win32_1.0.200.202406191623/tools/bin/../lib/gcc/arm-none-eabi/12.3.1/../../../../arm-none-eabi/lib/thumb/v7e-m+dp/hard/crt0.o (memset)
D:/STM32CubeIDE_1.16.0/STM32CubeIDE/plugins/com.st.stm32cube.ide.mcu.externaltools.gnu-tools-for-stm32.12.3.rel1.win32_1.0.200.202406191623/tools/bin/../lib/gcc/arm-none-eabi/12.3.1/../../../../arm-none-eabi/lib/thumb/v7e-m+dp/hard\libc_nano.a(libc_a-localeconv.o)
                              D:/STM32CubeIDE_1.16.0/STM32CubeIDE/plugins/com.st.stm32cube.ide.mcu.externaltools.gnu-tools-for-stm32.12.3.rel1.win32_1.0.200.202406191623/tools/bin/../lib/gcc/arm-none-eabi/12.3.1/../../../../arm-none-eabi/lib/thumb/v7e-m+dp/hard\libc_nano.a(libc_a-nano-vfprintf_float.o) (_localeconv_r)
[...]
Memory Configuration

Name             Origin             Length             Attributes
RAM              0x20000000         0x00080000         xrw
FLASH            0x08000000         0x00200000         xr
*default*        0x00000000         0xffffffff

Linker script and memory map

LOAD D:/STM32CubeIDE_1.16.0/STM32CubeIDE/plugins/com.st.stm32cube.ide.mcu.externaltools.gnu-tools-for-stm32.12.3.rel1.win32_1.0.200.202406191623/tools/bin/../lib/gcc/arm-none-eabi/12.3.1/thumb/v7e-m+dp/hard/crti.o
LOAD D:/STM32CubeIDE_1.16.0/STM32CubeIDE/plugins/com.st.stm32cube.ide.mcu.externaltools.gnu-tools-for-stm32.12.3.rel1.win32_1.0.200.202406191623/tools/bin/../lib/gcc/arm-none-eabi/12.3.1/thumb/v7e-m+dp/hard/crtbegin.o
LOAD D:/STM32CubeIDE_1.16.0/STM32CubeIDE/plugins/com.st.stm32cube.ide.mcu.externaltools.gnu-tools-for-stm32.12.3.rel1.win32_1.0.200.202406191623/tools/bin/../lib/gcc/arm-none-eabi/12.3.1/../../../../arm-none-eabi/lib/thumb/v7e-m+dp/hard/crt0.o
LOAD ./Core/Src/Hardware/ILI9341_GFX.o
LOAD ./Core/Src/Hardware/ILI9341_STM32_Driver.o
LOAD ./Core/Src/Hardware/ILI9341_Touchscreen.o
LOAD ./Core/Src/Hardware/OV7670.o
LOAD ./Core/Src/color_conversion.o
LOAD ./Core/Src/dcmi.o
LOAD ./Core/Src/dma.o
LOAD ./Core/Src/gpio.o
LOAD ./Core/Src/i2c.o
LOAD ./Core/Src/lptim.o
LOAD ./Core/Src/main.o
LOAD ./Core/Src/spi.o
LOAD ./Core/Src/stm32f7xx_hal_msp.o
LOAD ./Core/Src/stm32f7xx_it.o
LOAD ./Core/Src/syscalls.o
LOAD ./Core/Src/sysmem.o
LOAD ./Core/Src/system_stm32f7xx.o
LOAD ./Core/Src/tim.o
LOAD ./Core/Startup/startup_stm32f767zitx.o
LOAD ./Drivers/STM32F7xx_HAL_Driver/Src/stm32f7xx_hal.o
LOAD ./Drivers/STM32F7xx_HAL_Driver/Src/stm32f7xx_hal_cortex.o
LOAD ./Drivers/STM32F7xx_HAL_Driver/Src/stm32f7xx_hal_dcmi.o
LOAD ./Drivers/STM32F7xx_HAL_Driver/Src/stm32f7xx_hal_dcmi_ex.o
LOAD ./Drivers/STM32F7xx_HAL_Driver/Src/stm32f7xx_hal_dma.o
LOAD ./Drivers/STM32F7xx_HAL_Driver/Src/stm32f7xx_hal_dma_ex.o
LOAD ./Drivers/STM32F7xx_HAL_Driver/Src/stm32f7xx_hal_exti.o
LOAD ./Drivers/STM32F7xx_HAL_Driver/Src/stm32f7xx_hal_flash.o
LOAD ./Drivers/STM32F7xx_HAL_Driver/Src/stm32f7xx_hal_flash_ex.o
LOAD ./Drivers/STM32F7xx_HAL_Driver/Src/stm32f7xx_hal_gpio.o
LOAD ./Drivers/STM32F7xx_HAL_Driver/Src/stm32f7xx_hal_i2c.o
LOAD ./Drivers/STM32F7xx_HAL_Driver/Src/stm32f7xx_hal_i2c_ex.o
LOAD ./Drivers/STM32F7xx_HAL_Driver/Src/stm32f7xx_hal_lptim.o
LOAD ./Drivers/STM32F7xx_HAL_Driver/Src/stm32f7xx_hal_pwr.o
LOAD ./Drivers/STM32F7xx_HAL_Driver/Src/stm32f7xx_hal_pwr_ex.o
LOAD ./Drivers/STM32F7xx_HAL_Driver/Src/stm32f7xx_hal_rcc.o
LOAD ./Drivers/STM32F7xx_HAL_Driver/Src/stm32f7xx_hal_rcc_ex.o
LOAD ./Drivers/STM32F7xx_HAL_Driver/Src/stm32f7xx_hal_spi.o
LOAD ./Drivers/STM32F7xx_HAL_Driver/Src/stm32f7xx_hal_spi_ex.o
LOAD ./Drivers/STM32F7xx_HAL_Driver/Src/stm32f7xx_hal_tim.o
LOAD ./Drivers/STM32F7xx_HAL_Driver/Src/stm32f7xx_hal_tim_ex.o
START GROUP
LOAD D:/STM32CubeIDE_1.16.0/STM32CubeIDE/plugins/com.st.stm32cube.ide.mcu.externaltools.gnu-tools-for-stm32.12.3.rel1.win32_1.0.200.202406191623/tools/bin/../lib/gcc/arm-none-eabi/12.3.1/../../../../arm-none-eabi/lib/thumb/v7e-m+dp/hard\libc_nano.a
LOAD D:/STM32CubeIDE_1.16.0/STM32CubeIDE/plugins/com.st.stm32cube.ide.mcu.externaltools.gnu-tools-for-stm32.12.3.rel1.win32_1.0.200.202406191623/tools/bin/../lib/gcc/arm-none-eabi/12.3.1/../../../../arm-none-eabi/lib/thumb/v7e-m+dp/hard\libm.a
END GROUP
START GROUP
LOAD D:/STM32CubeIDE_1.16.0/STM32CubeIDE/plugins/com.st.stm32cube.ide.mcu.externaltools.gnu-tools-for-stm32.12.3.rel1.win32_1.0.200.202406191623/tools/bin/../lib/gcc/arm-none-eabi/12.3.1/thumb/v7e-m+dp/hard\libgcc.a
LOAD D:/STM32CubeIDE_1.16.0/STM32CubeIDE/plugins/com.st.stm32cube.ide.mcu.externaltools.gnu-tools-for-stm32.12.3.rel1.win32_1.0.200.202406191623/tools/bin/../lib/gcc/arm-none-eabi/12.3.1/../../../../arm-none-eabi/lib/thumb/v7e-m+dp/hard\libc_nano.a
END GROUP
START GROUP
LOAD D:/STM32CubeIDE_1.16.0/STM32CubeIDE/plugins/com.st.stm32cube.ide.mcu.externaltools.gnu-tools-for-stm32.12.3.rel1.win32_1.0.200.202406191623/tools/bin/../lib/gcc/arm-none-eabi/12.3.1/thumb/v7e-m+dp/hard\libgcc.a
LOAD D:/STM32CubeIDE_1.16.0/STM32CubeIDE/plugins/com.st.stm32cube.ide.mcu.externaltools.gnu-tools-for-stm32.12.3.rel1.win32_1.0.200.202406191623/tools/bin/../lib/gcc/arm-none-eabi/12.3.1/../../../../arm-none-eabi/lib/thumb/v7e-m+dp/hard\libc_nano.a
LOAD D:/STM32CubeIDE_1.16.0/STM32CubeIDE/plugins/com.st.stm32cube.ide.mcu.externaltools.gnu-tools-for-stm32.12.3.rel1.win32_1.0.200.202406191623/tools/bin/../lib/gcc/arm-none-eabi/12.3.1/../../../../arm-none-eabi/lib/thumb/v7e-m+dp/hard\libnosys.a
END GROUP
START GROUP
LOAD D:/STM32CubeIDE_1.16.0/STM32CubeIDE/plugins/com.st.stm32cube.ide.mcu.externaltools.gnu-tools-for-stm32.12.3.rel1.win32_1.0.200.202406191623/tools/bin/../lib/gcc/arm-none-eabi/12.3.1/thumb/v7e-m+dp/hard\libgcc.a
LOAD D:/STM32CubeIDE_1.16.0/STM32CubeIDE/plugins/com.st.stm32cube.ide.mcu.externaltools.gnu-tools-for-stm32.12.3.rel1.win32_1.0.200.202406191623/tools/bin/../lib/gcc/arm-none-eabi/12.3.1/../../../../arm-none-eabi/lib/thumb/v7e-m+dp/hard\libc_nano.a
LOAD D:/STM32CubeIDE_1.16.0/STM32CubeIDE/plugins/com.st.stm32cube.ide.mcu.externaltools.gnu-tools-for-stm32.12.3.rel1.win32_1.0.200.202406191623/tools/bin/../lib/gcc/arm-none-eabi/12.3.1/../../../../arm-none-eabi/lib/thumb/v7e-m+dp/hard\libnosys.a
END GROUP
LOAD D:/STM32CubeIDE_1.16.0/STM32CubeIDE/plugins/com.st.stm32cube.ide.mcu.externaltools.gnu-tools-for-stm32.12.3.rel1.win32_1.0.200.202406191623/tools/bin/../lib/gcc/arm-none-eabi/12.3.1/thumb/v7e-m+dp/hard/crtend.o
LOAD D:/STM32CubeIDE_1.16.0/STM32CubeIDE/plugins/com.st.stm32cube.ide.mcu.externaltools.gnu-tools-for-stm32.12.3.rel1.win32_1.0.200.202406191623/tools/bin/../lib/gcc/arm-none-eabi/12.3.1/thumb/v7e-m+dp/hard/crtn.o
                0x20080000                        _estack = (ORIGIN (RAM) + LENGTH (RAM))
                0x00000200                        _Min_Heap_Size = 0x200
                0x00000400                        _Min_Stack_Size = 0x400

.isr_vector     0x08000000      0x1f8
                0x08000000                        . = ALIGN (0x4)
 *(.isr_vector)
 .isr_vector    0x08000000      0x1f8 ./Core/Startup/startup_stm32f767zitx.o
                0x08000000                g_pfnVectors
                0x080001f8                        . = ALIGN (0x4)

.text           0x08000200     0xcd7c
                0x08000200                        . = ALIGN (0x4)
 *(.text)
 .text          0x08000200       0x40 D:/STM32CubeIDE_1.16.0/STM32CubeIDE/plugins/com.st.stm32cube.ide.mcu.externaltools.gnu-tools-for-stm32.12.3.rel1.win32_1.0.200.202406191623/tools/bin/../lib/gcc/arm-none-eabi/12.3.1/thumb/v7e-m+dp/hard/crtbegin.o
 .text          0x08000240       0xa0 D:/STM32CubeIDE_1.16.0/STM32CubeIDE/plugins/com.st.stm32cube.ide.mcu.externaltools.gnu-tools-for-stm32.12.3.rel1.win32_1.0.200.202406191623/tools/bin/../lib/gcc/arm-none-eabi/12.3.1/../../../../arm-none-eabi/lib/thumb/v7e-m+dp/hard\libc_nano.a(libc_a-memchr.o)
                0x08000240                memchr
 .text          0x080002e0       0x10 D:/STM32CubeIDE_1.16.0/STM32CubeIDE/plugins/com.st.stm32cube.ide.mcu.externaltools.gnu-tools-for-stm32.12.3.rel1.win32_1.0.200.202406191623/tools/bin/../lib/gcc/arm-none-eabi/12.3.1/../../../../arm-none-eabi/lib/thumb/v7e-m+dp/hard\libc_nano.a(libc_a-strlen.o)
                0x080002e0                strlen
 .text          0x080002f0      0x378 D:/STM32CubeIDE_1.16.0/STM32CubeIDE/plugins/com.st.stm32cube.ide.mcu.externaltools.gnu-tools-for-stm32.12.3.rel1.win32_1.0.200.202406191623/tools/bin/../lib/gcc/arm-none-eabi/12.3.1/thumb/v7e-m+dp/hard\libgcc.a(_arm_addsubdf3.o)
                0x080002f0                __aeabi_drsub
                0x080002f8                __aeabi_dsub
                0x080002f8                __subdf3
                0x080002fc                __aeabi_dadd
                0x080002fc                __adddf3
                0x08000574                __floatunsidf
                0x08000574                __aeabi_ui2d
                0x08000594                __floatsidf
                0x08000594                __aeabi_i2d
                0x080005b8                __aeabi_f2d
                0x080005b8                __extendsfdf2
                0x080005fc                __floatundidf
                0x080005fc                __aeabi_ul2d
                0x0800060c                __floatdidf
                0x0800060c                __aeabi_l2d
 .text          0x08000668       0x30 D:/STM32CubeIDE_1.16.0/STM32CubeIDE/plugins/com.st.stm32cube.ide.mcu.externaltools.gnu-tools-for-stm32.12.3.rel1.win32_1.0.200.202406191623/tools/bin/../lib/gcc/arm-none-eabi/12.3.1/thumb/v7e-m+dp/hard\libgcc.a(_aeabi_uldivmod.o)
                0x08000668                __aeabi_uldivmod
 .text          0x08000698       0x30 D:/STM32CubeIDE_1.16.0/STM32CubeIDE/plugins/com.st.stm32cube.ide.mcu.externaltools.gnu-tools-for-stm32.12.3.rel1.win32_1.0.200.202406191623/tools/bin/../lib/gcc/arm-none-eabi/12.3.1/thumb/v7e-m+dp/hard\libgcc.a(_fixdfdi.o)
                0x08000698                __fixdfdi
                0x08000698                __aeabi_d2lz
 .text          0x080006c8       0x40 D:/STM32CubeIDE_1.16.0/STM32CubeIDE/plugins/com.st.stm32cube.ide.mcu.externaltools.gnu-tools-for-stm32.12.3.rel1.win32_1.0.200.202406191623/tools/bin/../lib/gcc/arm-none-eabi/12.3.1/thumb/v7e-m+dp/hard\libgcc.a(_fixunsdfdi.o)
                0x080006c8                __fixunsdfdi
                0x080006c8                __aeabi_d2ulz
 .text          0x08000708      0x2bc D:/STM32CubeIDE_1.16.0/STM32CubeIDE/plugins/com.st.stm32cube.ide.mcu.externaltools.gnu-tools-for-stm32.12.3.rel1.win32_1.0.200.202406191623/tools/bin/../lib/gcc/arm-none-eabi/12.3.1/thumb/v7e-m+dp/hard\libgcc.a(_udivmoddi4.o)
                0x08000708                __udivmoddi4
 .text          0x080009c4        0x4 D:/STM32CubeIDE_1.16.0/STM32CubeIDE/plugins/com.st.stm32cube.ide.mcu.externaltools.gnu-tools-for-stm32.12.3.rel1.win32_1.0.200.202406191623/tools/bin/../lib/gcc/arm-none-eabi/12.3.1/thumb/v7e-m+dp/hard\libgcc.a(_dvmd_tls.o)
                0x080009c4                __aeabi_idiv0
                0x080009c4                __aeabi_ldiv0
 *(.text*)
 .text.ILI9341_Draw_Char
                0x080009c8      0x134 ./Core/Src/Hardware/ILI9341_GFX.o
                0x080009c8                ILI9341_Draw_Char
 .text.ILI9341_Draw_Text
                0x08000afc       0x5e ./Core/Src/Hardware/ILI9341_GFX.o
                0x08000afc                ILI9341_Draw_Text
 *fill*         0x08000b5a        0x2 
 .text.ILI9341_SPI_Init
                0x08000b5c       0x20 ./Core/Src/Hardware/ILI9341_STM32_Driver.o
                0x08000b5c                ILI9341_SPI_Init
 .text.ILI9341_SPI_Send
                0x08000b7c       0x24 ./Core/Src/Hardware/ILI9341_STM32_Driver.o
                0x08000b7c                ILI9341_SPI_Send
 .text.ILI9341_Write_Command
                0x08000ba0       0x44 ./Core/Src/Hardware/ILI9341_STM32_Driver.o
                0x08000ba0                ILI9341_Write_Command
 .text.ILI9341_Write_Data
                0x08000be4       0x44 ./Core/Src/Hardware/ILI9341_STM32_Driver.o
                0x08000be4                ILI9341_Write_Data
 .text.ILI9341_Set_Address
                0x08000c28       0x98 ./Core/Src/Hardware/ILI9341_STM32_Driver.o
                0x08000c28                ILI9341_Set_Address
 .text.ILI9341_Reset
                0x08000cc0       0x3c ./Core/Src/Hardware/ILI9341_STM32_Driver.o
                0x08000cc0                ILI9341_Reset
 .text.ILI9341_Set_Rotation
                0x08000cfc       0xa4 ./Core/Src/Hardware/ILI9341_STM32_Driver.o
                0x08000cfc                ILI9341_Set_Rotation
 .text.ILI9341_Enable
                0x08000da0       0x18 ./Core/Src/Hardware/ILI9341_STM32_Driver.o
                0x08000da0                ILI9341_Enable
 .text.ILI9341_Init
                0x08000db8      0x21a ./Core/Src/Hardware/ILI9341_STM32_Driver.o
                0x08000db8                ILI9341_Init
 *fill*         0x08000fd2        0x2 
 .text.ILI9341_Draw_Colour_Burst
                0x08000fd4      0x13c ./Core/Src/Hardware/ILI9341_STM32_Driver.o
                0x08000fd4                ILI9341_Draw_Colour_Burst
 .text.ILI9341_Draw_Pixel
                0x08001110      0x1ac ./Core/Src/Hardware/ILI9341_STM32_Driver.o
                0x08001110                ILI9341_Draw_Pixel
 .text.ILI9341_Draw_Rectangle
                0x080012bc       0xb8 ./Core/Src/Hardware/ILI9341_STM32_Driver.o
                0x080012bc                ILI9341_Draw_Rectangle
 .text.OV7670_Init
                0x08001374       0x44 ./Core/Src/Hardware/OV7670.o
                0x08001374                OV7670_Init
 .text.OV7670_Power
                0x080013b8       0x3c ./Core/Src/Hardware/OV7670.o
                0x080013b8                OV7670_Power
 .text.OV7670_ResetHW
                0x080013f4       0x30 ./Core/Src/Hardware/OV7670.o
                0x080013f4                OV7670_ResetHW
 .text.OV7670_XCLK
                0x08001424       0x38 ./Core/Src/Hardware/OV7670.o
                0x08001424                OV7670_XCLK
 .text.OV7670_WriteSCCB
                0x0800145c       0x3c ./Core/Src/Hardware/OV7670.o
                0x0800145c                OV7670_WriteSCCB
 .text.OV7670_ReadSCCB
                0x08001498       0x40 ./Core/Src/Hardware/OV7670.o
                0x08001498                OV7670_ReadSCCB
 .text.OV7670_Start
                0x080014d8       0x88 ./Core/Src/Hardware/OV7670.o
                0x080014d8                OV7670_Start
 .text.OV7670_Stop
                0x08001560       0x18 ./Core/Src/Hardware/OV7670.o
                0x08001560                OV7670_Stop
 .text.OV7670_ResetSW
                0x08001578       0x28 ./Core/Src/Hardware/OV7670.o
                0x08001578                OV7670_ResetSW
 .text.OV7670_Config
                0x080015a0       0x4c ./Core/Src/Hardware/OV7670.o
                0x080015a0                OV7670_Config
 .text.OV7670_SetBrightness
                0x080015ec       0x30 ./Core/Src/Hardware/OV7670.o
                0x080015ec                OV7670_SetBrightness
 .text.OV7670_SetContrast
                0x0800161c       0x1c ./Core/Src/Hardware/OV7670.o
                0x0800161c                OV7670_SetContrast
 .text.OV7670_SetSaturation
                0x08001638       0xbc ./Core/Src/Hardware/OV7670.o
                0x08001638                OV7670_SetSaturation
 .text.OV7670_SetResolution
                0x080016f4      0x15c ./Core/Src/Hardware/OV7670.o
                0x080016f4                OV7670_SetResolution
 .text.OV7670_SetColorFormat
                0x08001850       0x9c ./Core/Src/Hardware/OV7670.o
                0x08001850                OV7670_SetColorFormat
 .text.OV7670_AutoExposureMode
                0x080018ec       0x4a ./Core/Src/Hardware/OV7670.o
                0x080018ec                OV7670_AutoExposureMode
 .text.OV7670_SetAECAlgorithm
                0x08001936       0x4a ./Core/Src/Hardware/OV7670.o
                0x08001936                OV7670_SetAECAlgorithm
 .text.OV7670_SetExposureTime
                0x08001980       0x4a ./Core/Src/Hardware/OV7670.o
                0x08001980                OV7670_SetExposureTime
 .text.OV7670_SetGainCeiling
                0x080019ca       0x44 ./Core/Src/Hardware/OV7670.o
                0x080019ca                OV7670_SetGainCeiling
 .text.OV7670_AutoGainMode
                0x08001a0e       0x4a ./Core/Src/Hardware/OV7670.o
                0x08001a0e                OV7670_AutoGainMode
 .text.OV7670_SetGain
                0x08001a58      0x10c ./Core/Src/Hardware/OV7670.o
                0x08001a58                OV7670_SetGain
 .text.OV7670_AutoWhiteBalanceMode
                0x08001b64       0x4a ./Core/Src/Hardware/OV7670.o
                0x08001b64                OV7670_AutoWhiteBalanceMode
 .text.OV7670_SetChannelsGain
                0x08001bae       0x38 ./Core/Src/Hardware/OV7670.o
                0x08001bae                OV7670_SetChannelsGain
 .text.OV7670_ShowColorBar
                0x08001be6       0x4a ./Core/Src/Hardware/OV7670.o
                0x08001be6                OV7670_ShowColorBar
 .text.OV7670_FlipHorizontal
                0x08001c30       0x4a ./Core/Src/Hardware/OV7670.o
                0x08001c30                OV7670_FlipHorizontal
 .text.OV7670_FlipVertical
                0x08001c7a       0x4a ./Core/Src/Hardware/OV7670.o
                0x08001c7a                OV7670_FlipVertical
 .text.OV7670_NightMode
                0x08001cc4       0x62 ./Core/Src/Hardware/OV7670.o
                0x08001cc4                OV7670_NightMode
 .text.OV7670_AutoSharpness
                0x08001d26       0x4a ./Core/Src/Hardware/OV7670.o
                0x08001d26                OV7670_AutoSharpness
 .text.OV7670_SetSharpness
                0x08001d70       0x3c ./Core/Src/Hardware/OV7670.o
                0x08001d70                OV7670_SetSharpness
 .text.OV7670_AutoDeNoise
                0x08001dac       0x4a ./Core/Src/Hardware/OV7670.o
                0x08001dac                OV7670_AutoDeNoise
 .text.OV7670_SetDeNoiseStrength
                0x08001df6       0x1c ./Core/Src/Hardware/OV7670.o
                0x08001df6                OV7670_SetDeNoiseStrength
 .text.OV7670_BandingFilter
                0x08001e12       0xc0 ./Core/Src/Hardware/OV7670.o
                0x08001e12                OV7670_BandingFilter
 *fill*         0x08001ed2        0x2 
 .text.OV7670_SpecialEffect
                0x08001ed4      0x14c ./Core/Src/Hardware/OV7670.o
                0x08001ed4                OV7670_SpecialEffect
 .text.OV7670_SetFrameRate
                0x08002020       0x44 ./Core/Src/Hardware/OV7670.o
                0x08002020                OV7670_SetFrameRate
 .text.OV7670_PowerUp
                0x08002064       0x1c ./Core/Src/Hardware/OV7670.o
                0x08002064                OV7670_PowerUp
 .text.OV7670_UpdateSettings
                0x08002080      0x110 ./Core/Src/Hardware/OV7670.o
                0x08002080                OV7670_UpdateSettings
 .text.OV7670_SetFrameControl
                0x08002190       0xae ./Core/Src/Hardware/OV7670.o
                0x08002190                OV7670_SetFrameControl
 *fill*         0x0800223e        0x2 
 .text.OV7670_getImageInfo
                0x08002240       0x3c ./Core/Src/Hardware/OV7670.o
                0x08002240                OV7670_getImageInfo
 .text.HAL_DCMI_FrameEventCallback
                0x0800227c       0x64 ./Core/Src/Hardware/OV7670.o
                0x0800227c                HAL_DCMI_FrameEventCallback
 .text.HAL_DCMI_VsyncEventCallback
                0x080022e0       0x24 ./Core/Src/Hardware/OV7670.o
                0x080022e0                HAL_DCMI_VsyncEventCallback
 .text.HAL_DCMI_LineEventCallback
                0x08002304       0x24 ./Core/Src/Hardware/OV7670.o
                0x08002304                HAL_DCMI_LineEventCallback
 .text.MX_DCMI_Init
                0x08002328       0x68 ./Core/Src/dcmi.o
                0x08002328                MX_DCMI_Init
 .text.HAL_DCMI_MspInit
                0x08002390      0x1dc ./Core/Src/dcmi.o
                0x08002390                HAL_DCMI_MspInit
 .text.MX_DMA_Init
                0x0800256c       0x3c ./Core/Src/dma.o
                0x0800256c                MX_DMA_Init
 .text.MX_GPIO_Init
                0x080025a8      0x1a8 ./Core/Src/gpio.o
                0x080025a8                MX_GPIO_Init
 .text.MX_I2C2_Init
                0x08002750       0x80 ./Core/Src/i2c.o
                0x08002750                MX_I2C2_Init
 .text.HAL_I2C_MspInit
                0x080027d0       0xc0 ./Core/Src/i2c.o
                0x080027d0                HAL_I2C_MspInit
 .text.MX_LPTIM1_Init
                0x08002890       0x4c ./Core/Src/lptim.o
                0x08002890                MX_LPTIM1_Init
 .text.HAL_LPTIM_MspInit
                0x080028dc       0xc0 ./Core/Src/lptim.o
                0x080028dc                HAL_LPTIM_MspInit
 .text.SCB_EnableICache
                0x0800299c       0x4c ./Core/Src/main.o
 .text.SCB_EnableDCache
                0x080029e8       0x88 ./Core/Src/main.o
 .text.main     0x08002a70      0x2a4 ./Core/Src/main.o
                0x08002a70                main
 .text.SystemClock_Config
                0x08002d14       0xec ./Core/Src/main.o
                0x08002d14                SystemClock_Config
 .text.Error_Handler
                0x08002e00        0xc ./Core/Src/main.o
                0x08002e00                Error_Handler
 .text.MX_SPI5_Init
                0x08002e0c       0x7c ./Core/Src/spi.o
                0x08002e0c                MX_SPI5_Init
 .text.HAL_SPI_MspInit
                0x08002e88       0x88 ./Core/Src/spi.o
                0x08002e88                HAL_SPI_MspInit
 .text.HAL_MspInit
                0x08002f10       0x48 ./Core/Src/stm32f7xx_hal_msp.o
                0x08002f10                HAL_MspInit
 .text.NMI_Handler
                0x08002f58        0x8 ./Core/Src/stm32f7xx_it.o
                0x08002f58                NMI_Handler
 .text.HardFault_Handler
                0x08002f60        0x8 ./Core/Src/stm32f7xx_it.o
                0x08002f60                HardFault_Handler
 .text.MemManage_Handler
                0x08002f68        0x8 ./Core/Src/stm32f7xx_it.o
                0x08002f68                MemManage_Handler
 .text.BusFault_Handler
                0x08002f70        0x8 ./Core/Src/stm32f7xx_it.o
                0x08002f70                BusFault_Handler
 .text.UsageFault_Handler
                0x08002f78        0x8 ./Core/Src/stm32f7xx_it.o
                0x08002f78                UsageFault_Handler
 .text.SVC_Handler
                0x08002f80        0xe ./Core/Src/stm32f7xx_it.o
                0x08002f80                SVC_Handler
 .text.DebugMon_Handler
                0x08002f8e        0xe ./Core/Src/stm32f7xx_it.o
                0x08002f8e                DebugMon_Handler
 .text.PendSV_Handler
                0x08002f9c        0xe ./Core/Src/stm32f7xx_it.o
                0x08002f9c                PendSV_Handler
 .text.SysTick_Handler
                0x08002faa        0xc ./Core/Src/stm32f7xx_it.o
                0x08002faa                SysTick_Handler
 *fill*         0x08002fb6        0x2 
 .text.DMA2_Stream1_IRQHandler
                0x08002fb8       0x14 ./Core/Src/stm32f7xx_it.o
                0x08002fb8                DMA2_Stream1_IRQHandler
 .text.DCMI_IRQHandler
                0x08002fcc       0x14 ./Core/Src/stm32f7xx_it.o
                0x08002fcc                DCMI_IRQHandler
 .text._getpid  0x08002fe0       0x10 ./Core/Src/syscalls.o
                0x08002fe0                _getpid
 .text._kill    0x08002ff0       0x20 ./Core/Src/syscalls.o
                0x08002ff0                _kill
 .text._exit    0x08003010       0x16 ./Core/Src/syscalls.o
                0x08003010                _exit
 .text._read    0x08003026       0x3a ./Core/Src/syscalls.o
                0x08003026                _read
 .text._write   0x08003060       0x38 ./Core/Src/syscalls.o
                0x08003060                _write
 .text._close   0x08003098       0x18 ./Core/Src/syscalls.o
                0x08003098                _close
 .text._fstat   0x080030b0       0x20 ./Core/Src/syscalls.o
                0x080030b0                _fstat
 .text._isatty  0x080030d0       0x16 ./Core/Src/syscalls.o
                0x080030d0                _isatty
 .text._lseek   0x080030e6       0x1a ./Core/Src/syscalls.o
                0x080030e6                _lseek
 .text._sbrk    0x08003100       0x6c ./Core/Src/sysmem.o
                0x08003100                _sbrk
 .text.SystemInit
                0x0800316c       0x24 ./Core/Src/system_stm32f7xx.o
                0x0800316c                SystemInit
 .text.MX_TIM1_Init
                0x08003190       0xa8 ./Core/Src/tim.o
                0x08003190                MX_TIM1_Init
 .text.HAL_TIM_Base_MspInit
                0x08003238       0x40 ./Core/Src/tim.o
                0x08003238                HAL_TIM_Base_MspInit
 .text.Reset_Handler
                0x08003278       0x50 ./Core/Startup/startup_stm32f767zitx.o
                0x08003278                Reset_Handler
 .text.Default_Handler
                0x080032c8        0x2 ./Core/Startup/startup_stm32f767zitx.o
                0x080032c8                RTC_Alarm_IRQHandler
                0x080032c8                EXTI2_IRQHandler
                0x080032c8                TIM8_CC_IRQHandler
                0x080032c8                UART8_IRQHandler
                0x080032c8                SPI4_IRQHandler
                0x080032c8                TIM1_CC_IRQHandler
                0x080032c8                DMA2_Stream5_IRQHandler
                0x080032c8                JPEG_IRQHandler
                0x080032c8                DMA1_Stream5_IRQHandler
                0x080032c8                CAN3_RX1_IRQHandler
                0x080032c8                PVD_IRQHandler
                0x080032c8                TAMP_STAMP_IRQHandler
                0x080032c8                CAN2_RX1_IRQHandler
                0x080032c8                EXTI3_IRQHandler
                0x080032c8                TIM8_TRG_COM_TIM14_IRQHandler
                0x080032c8                DFSDM1_FLT1_IRQHandler
                0x080032c8                TIM1_UP_TIM10_IRQHandler
                0x080032c8                TIM8_UP_TIM13_IRQHandler
                0x080032c8                I2C3_ER_IRQHandler
                0x080032c8                DFSDM1_FLT2_IRQHandler
                0x080032c8                EXTI0_IRQHandler
                0x080032c8                I2C2_EV_IRQHandler
                0x080032c8                DMA1_Stream2_IRQHandler
                0x080032c8                CAN1_RX0_IRQHandler
                0x080032c8                FPU_IRQHandler
                0x080032c8                OTG_HS_WKUP_IRQHandler
                0x080032c8                CAN3_SCE_IRQHandler
                0x080032c8                LTDC_ER_IRQHandler
                0x080032c8                CAN2_SCE_IRQHandler
                0x080032c8                DMA2_Stream2_IRQHandler
                0x080032c8                SPI1_IRQHandler
                0x080032c8                TIM6_DAC_IRQHandler
                0x080032c8                TIM1_BRK_TIM9_IRQHandler
                0x080032c8                CAN2_RX0_IRQHandler
                0x080032c8                DMA2_Stream3_IRQHandler
                0x080032c8                SAI2_IRQHandler
                0x080032c8                DFSDM1_FLT3_IRQHandler
                0x080032c8                USART6_IRQHandler
                0x080032c8                CAN3_RX0_IRQHandler
                0x080032c8                USART3_IRQHandler
                0x080032c8                CAN1_RX1_IRQHandler
                0x080032c8                UART5_IRQHandler
                0x080032c8                DMA2_Stream0_IRQHandler
                0x080032c8                TIM4_IRQHandler
                0x080032c8                QUADSPI_IRQHandler
                0x080032c8                I2C1_EV_IRQHandler
                0x080032c8                DMA1_Stream6_IRQHandler
                0x080032c8                DMA1_Stream1_IRQHandler
                0x080032c8                UART4_IRQHandler
                0x080032c8                TIM3_IRQHandler
                0x080032c8                RCC_IRQHandler
                0x080032c8                TIM8_BRK_TIM12_IRQHandler
                0x080032c8                Default_Handler
                0x080032c8                CEC_IRQHandler
                0x080032c8                EXTI15_10_IRQHandler
                0x080032c8                ADC_IRQHandler
                0x080032c8                DMA1_Stream7_IRQHandler
                0x080032c8                SPI5_IRQHandler
                0x080032c8                TIM7_IRQHandler
                0x080032c8                SDMMC1_IRQHandler
                0x080032c8                CAN2_TX_IRQHandler
                0x080032c8                TIM5_IRQHandler
                0x080032c8                DMA2_Stream7_IRQHandler
                0x080032c8                I2C3_EV_IRQHandler
                0x080032c8                EXTI9_5_IRQHandler
                0x080032c8                RTC_WKUP_IRQHandler
                0x080032c8                LTDC_IRQHandler
                0x080032c8                ETH_WKUP_IRQHandler
                0x080032c8                SPDIF_RX_IRQHandler
                0x080032c8                SPI2_IRQHandler
                0x080032c8                OTG_HS_EP1_IN_IRQHandler
                0x080032c8                DMA1_Stream0_IRQHandler
                0x080032c8                CAN1_TX_IRQHandler
                0x080032c8                EXTI4_IRQHandler
                0x080032c8                RNG_IRQHandler
                0x080032c8                ETH_IRQHandler
                0x080032c8                OTG_HS_EP1_OUT_IRQHandler
                0x080032c8                WWDG_IRQHandler
                0x080032c8                SPI6_IRQHandler
                0x080032c8                MDIOS_IRQHandler
                0x080032c8                I2C4_EV_IRQHandler
                0x080032c8                CAN3_TX_IRQHandler
                0x080032c8                TIM2_IRQHandler
                0x080032c8                OTG_FS_WKUP_IRQHandler
                0x080032c8                TIM1_TRG_COM_TIM11_IRQHandler
                0x080032c8                OTG_HS_IRQHandler
                0x080032c8                DMA2D_IRQHandler
                0x080032c8                EXTI1_IRQHandler
                0x080032c8                SDMMC2_IRQHandler
                0x080032c8                UART7_IRQHandler
                0x080032c8                USART2_IRQHandler
                0x080032c8                DFSDM1_FLT0_IRQHandler
                0x080032c8                I2C2_ER_IRQHandler
                0x080032c8                CAN1_SCE_IRQHandler
                0x080032c8                FLASH_IRQHandler
                0x080032c8                DMA2_Stream4_IRQHandler
                0x080032c8                USART1_IRQHandler
                0x080032c8                OTG_FS_IRQHandler
                0x080032c8                SPI3_IRQHandler
                0x080032c8                DMA1_Stream4_IRQHandler
                0x080032c8                I2C1_ER_IRQHandler
                0x080032c8                FMC_IRQHandler
                0x080032c8                LPTIM1_IRQHandler
                0x080032c8                I2C4_ER_IRQHandler
                0x080032c8                DMA2_Stream6_IRQHandler
                0x080032c8                SAI1_IRQHandler
                0x080032c8                DMA1_Stream3_IRQHandler
 *fill*         0x080032ca        0x2 
 .text.HAL_Init
                0x080032cc       0x38 ./Drivers/STM32F7xx_HAL_Driver/Src/stm32f7xx_hal.o
                0x080032cc                HAL_Init
 .text.HAL_InitTick
                0x08003304       0x60 ./Drivers/STM32F7xx_HAL_Driver/Src/stm32f7xx_hal.o
                0x08003304                HAL_InitTick
 .text.HAL_IncTick
                0x08003364       0x28 ./Drivers/STM32F7xx_HAL_Driver/Src/stm32f7xx_hal.o
                0x08003364                HAL_IncTick
 .text.HAL_GetTick
                0x0800338c       0x18 ./Drivers/STM32F7xx_HAL_Driver/Src/stm32f7xx_hal.o
                0x0800338c                HAL_GetTick
 .text.HAL_Delay
                0x080033a4       0x48 ./Drivers/STM32F7xx_HAL_Driver/Src/stm32f7xx_hal.o
                0x080033a4                HAL_Delay
 .text.__NVIC_SetPriorityGrouping
                0x080033ec       0x48 ./Drivers/STM32F7xx_HAL_Driver/Src/stm32f7xx_hal_cortex.o
 .text.__NVIC_GetPriorityGrouping
                0x08003434       0x1c ./Drivers/STM32F7xx_HAL_Driver/Src/stm32f7xx_hal_cortex.o
 .text.__NVIC_EnableIRQ
                0x08003450       0x3c ./Drivers/STM32F7xx_HAL_Driver/Src/stm32f7xx_hal_cortex.o
 .text.__NVIC_SetPriority
                0x0800348c       0x54 ./Drivers/STM32F7xx_HAL_Driver/Src/stm32f7xx_hal_cortex.o
 .text.NVIC_EncodePriority
                0x080034e0       0x66 ./Drivers/STM32F7xx_HAL_Driver/Src/stm32f7xx_hal_cortex.o
 *fill*         0x08003546        0x2 
 .text.SysTick_Config
                0x08003548       0x44 ./Drivers/STM32F7xx_HAL_Driver/Src/stm32f7xx_hal_cortex.o
 .text.HAL_NVIC_SetPriorityGrouping
                0x0800358c       0x16 ./Drivers/STM32F7xx_HAL_Driver/Src/stm32f7xx_hal_cortex.o
                0x0800358c                HAL_NVIC_SetPriorityGrouping
 .text.HAL_NVIC_SetPriority
                0x080035a2       0x38 ./Drivers/STM32F7xx_HAL_Driver/Src/stm32f7xx_hal_cortex.o
                0x080035a2                HAL_NVIC_SetPriority
 .text.HAL_NVIC_EnableIRQ
                0x080035da       0x1c ./Drivers/STM32F7xx_HAL_Driver/Src/stm32f7xx_hal_cortex.o
                0x080035da                HAL_NVIC_EnableIRQ
 .text.HAL_SYSTICK_Config
                0x080035f6       0x18 ./Drivers/STM32F7xx_HAL_Driver/Src/stm32f7xx_hal_cortex.o
                0x080035f6                HAL_SYSTICK_Config
 *fill*         0x0800360e        0x2 
 .text.HAL_DCMI_Init
                0x08003610       0xf4 ./Drivers/STM32F7xx_HAL_Driver/Src/stm32f7xx_hal_dcmi.o
                0x08003610                HAL_DCMI_Init
 .text.HAL_DCMI_Start_DMA
                0x08003704      0x188 ./Drivers/STM32F7xx_HAL_Driver/Src/stm32f7xx_hal_dcmi.o
                0x08003704                HAL_DCMI_Start_DMA
 .text.HAL_DCMI_Stop
                0x0800388c       0xc0 ./Drivers/STM32F7xx_HAL_Driver/Src/stm32f7xx_hal_dcmi.o
                0x0800388c                HAL_DCMI_Stop
 .text.HAL_DCMI_IRQHandler
                0x0800394c      0x124 ./Drivers/STM32F7xx_HAL_Driver/Src/stm32f7xx_hal_dcmi.o
                0x0800394c                HAL_DCMI_IRQHandler
 .text.HAL_DCMI_ErrorCallback
                0x08003a70       0x14 ./Drivers/STM32F7xx_HAL_Driver/Src/stm32f7xx_hal_dcmi.o
                0x08003a70                HAL_DCMI_ErrorCallback
 .text.DCMI_DMAXferCplt
                0x08003a84      0x126 ./Drivers/STM32F7xx_HAL_Driver/Src/stm32f7xx_hal_dcmi.o
 .text.DCMI_DMAError
                0x08003baa       0x3a ./Drivers/STM32F7xx_HAL_Driver/Src/stm32f7xx_hal_dcmi.o
 .text.HAL_DMA_Init
                0x08003be4      0x15c ./Drivers/STM32F7xx_HAL_Driver/Src/stm32f7xx_hal_dma.o
                0x08003be4                HAL_DMA_Init
 .text.HAL_DMA_Start_IT
                0x08003d40       0xc0 ./Drivers/STM32F7xx_HAL_Driver/Src/stm32f7xx_hal_dma.o
                0x08003d40                HAL_DMA_Start_IT
 .text.HAL_DMA_Abort
                0x08003e00       0xe0 ./Drivers/STM32F7xx_HAL_Driver/Src/stm32f7xx_hal_dma.o
                0x08003e00                HAL_DMA_Abort
 .text.HAL_DMA_Abort_IT
                0x08003ee0       0x44 ./Drivers/STM32F7xx_HAL_Driver/Src/stm32f7xx_hal_dma.o
                0x08003ee0                HAL_DMA_Abort_IT
 .text.HAL_DMA_IRQHandler
                0x08003f24      0x314 ./Drivers/STM32F7xx_HAL_Driver/Src/stm32f7xx_hal_dma.o
                0x08003f24                HAL_DMA_IRQHandler
 .text.DMA_SetConfig
                0x08004238       0x5c ./Drivers/STM32F7xx_HAL_Driver/Src/stm32f7xx_hal_dma.o
 .text.DMA_CalcBaseAndBitshift
                0x08004294       0x6c ./Drivers/STM32F7xx_HAL_Driver/Src/stm32f7xx_hal_dma.o
 .text.DMA_CheckFifoParam
                0x08004300       0xf8 ./Drivers/STM32F7xx_HAL_Driver/Src/stm32f7xx_hal_dma.o
 .text.HAL_DMAEx_MultiBufferStart_IT
                0x080043f8     0x126c ./Drivers/STM32F7xx_HAL_Driver/Src/stm32f7xx_hal_dma_ex.o
                0x080043f8                HAL_DMAEx_MultiBufferStart_IT
 .text.HAL_DMAEx_ChangeMemory
                0x08005664       0x34 ./Drivers/STM32F7xx_HAL_Driver/Src/stm32f7xx_hal_dma_ex.o
                0x08005664                HAL_DMAEx_ChangeMemory
 .text.DMA_MultiBufferSetConfig
                0x08005698       0x4c ./Drivers/STM32F7xx_HAL_Driver/Src/stm32f7xx_hal_dma_ex.o
 .text.HAL_GPIO_Init
                0x080056e4      0x358 ./Drivers/STM32F7xx_HAL_Driver/Src/stm32f7xx_hal_gpio.o
                0x080056e4                HAL_GPIO_Init
 .text.HAL_GPIO_WritePin
                0x08005a3c       0x32 ./Drivers/STM32F7xx_HAL_Driver/Src/stm32f7xx_hal_gpio.o
                0x08005a3c                HAL_GPIO_WritePin
 *fill*         0x08005a6e        0x2 
 .text.HAL_I2C_Init
                0x08005a70      0x138 ./Drivers/STM32F7xx_HAL_Driver/Src/stm32f7xx_hal_i2c.o
                0x08005a70                HAL_I2C_Init
 .text.HAL_I2C_Master_Transmit
                0x08005ba8      0x230 ./Drivers/STM32F7xx_HAL_Driver/Src/stm32f7xx_hal_i2c.o
                0x08005ba8                HAL_I2C_Master_Transmit
 .text.HAL_I2C_Master_Receive
                0x08005dd8      0x1ec ./Drivers/STM32F7xx_HAL_Driver/Src/stm32f7xx_hal_i2c.o
                0x08005dd8                HAL_I2C_Master_Receive
 .text.I2C_Flush_TXDR
                0x08005fc4       0x48 ./Drivers/STM32F7xx_HAL_Driver/Src/stm32f7xx_hal_i2c.o
 .text.I2C_WaitOnFlagUntilTimeout
                0x0800600c       0xb2 ./Drivers/STM32F7xx_HAL_Driver/Src/stm32f7xx_hal_i2c.o
 .text.I2C_WaitOnTXISFlagUntilTimeout
                0x080060be       0x8e ./Drivers/STM32F7xx_HAL_Driver/Src/stm32f7xx_hal_i2c.o
 .text.I2C_WaitOnSTOPFlagUntilTimeout
                0x0800614c       0x86 ./Drivers/STM32F7xx_HAL_Driver/Src/stm32f7xx_hal_i2c.o
 *fill*         0x080061d2        0x2 
 .text.I2C_WaitOnRXNEFlagUntilTimeout
                0x080061d4      0x118 ./Drivers/STM32F7xx_HAL_Driver/Src/stm32f7xx_hal_i2c.o
 .text.I2C_IsErrorOccurred
                0x080062ec      0x1c0 ./Drivers/STM32F7xx_HAL_Driver/Src/stm32f7xx_hal_i2c.o
 .text.I2C_TransferConfig
                0x080064ac       0x64 ./Drivers/STM32F7xx_HAL_Driver/Src/stm32f7xx_hal_i2c.o
 .text.HAL_I2CEx_ConfigAnalogFilter
                0x08006510       0x96 ./Drivers/STM32F7xx_HAL_Driver/Src/stm32f7xx_hal_i2c_ex.o
                0x08006510                HAL_I2CEx_ConfigAnalogFilter
 .text.HAL_I2CEx_ConfigDigitalFilter
                0x080065a6       0x98 ./Drivers/STM32F7xx_HAL_Driver/Src/stm32f7xx_hal_i2c_ex.o
                0x080065a6                HAL_I2CEx_ConfigDigitalFilter
 *fill*         0x0800663e        0x2 
 .text.HAL_LPTIM_Init
                0x08006640      0x118 ./Drivers/STM32F7xx_HAL_Driver/Src/stm32f7xx_hal_lptim.o
                0x08006640                HAL_LPTIM_Init
 .text.HAL_LPTIM_PWM_Start
                0x08006758       0x9a ./Drivers/STM32F7xx_HAL_Driver/Src/stm32f7xx_hal_lptim.o
                0x08006758                HAL_LPTIM_PWM_Start
 .text.HAL_LPTIM_PWM_Stop
                0x080067f2       0x38 ./Drivers/STM32F7xx_HAL_Driver/Src/stm32f7xx_hal_lptim.o
                0x080067f2                HAL_LPTIM_PWM_Stop
 .text.HAL_LPTIM_GetState
                0x0800682a       0x1c ./Drivers/STM32F7xx_HAL_Driver/Src/stm32f7xx_hal_lptim.o
                0x0800682a                HAL_LPTIM_GetState
 *fill*         0x08006846        0x2 
 .text.LPTIM_WaitForFlag
                0x08006848       0x60 ./Drivers/STM32F7xx_HAL_Driver/Src/stm32f7xx_hal_lptim.o
 .text.LPTIM_Disable
                0x080068a8      0x18c ./Drivers/STM32F7xx_HAL_Driver/Src/stm32f7xx_hal_lptim.o
                0x080068a8                LPTIM_Disable
 .text.HAL_PWREx_EnableOverDrive
                0x08006a34       0xa0 ./Drivers/STM32F7xx_HAL_Driver/Src/stm32f7xx_hal_pwr_ex.o
                0x08006a34                HAL_PWREx_EnableOverDrive
 .text.HAL_RCC_OscConfig
                0x08006ad4      0x55c ./Drivers/STM32F7xx_HAL_Driver/Src/stm32f7xx_hal_rcc.o
                0x08006ad4                HAL_RCC_OscConfig
 .text.HAL_RCC_ClockConfig
                0x08007030      0x1d8 ./Drivers/STM32F7xx_HAL_Driver/Src/stm32f7xx_hal_rcc.o
                0x08007030                HAL_RCC_ClockConfig
 .text.HAL_RCC_MCOConfig
                0x08007208       0xc8 ./Drivers/STM32F7xx_HAL_Driver/Src/stm32f7xx_hal_rcc.o
                0x08007208                HAL_RCC_MCOConfig
 .text.HAL_RCC_GetSysClockFreq
                0x080072d0      0x20c ./Drivers/STM32F7xx_HAL_Driver/Src/stm32f7xx_hal_rcc.o
                0x080072d0                HAL_RCC_GetSysClockFreq
 .text.HAL_RCCEx_PeriphCLKConfig
                0x080074dc      0x850 ./Drivers/STM32F7xx_HAL_Driver/Src/stm32f7xx_hal_rcc_ex.o
                0x080074dc                HAL_RCCEx_PeriphCLKConfig
 .text.HAL_SPI_Init
                0x08007d2c      0x156 ./Drivers/STM32F7xx_HAL_Driver/Src/stm32f7xx_hal_spi.o
                0x08007d2c                HAL_SPI_Init
 .text.HAL_SPI_Transmit
                0x08007e82      0x2ea ./Drivers/STM32F7xx_HAL_Driver/Src/stm32f7xx_hal_spi.o
                0x08007e82                HAL_SPI_Transmit
 .text.SPI_WaitFlagStateUntilTimeout
                0x0800816c      0x110 ./Drivers/STM32F7xx_HAL_Driver/Src/stm32f7xx_hal_spi.o
 .text.SPI_WaitFifoStateUntilTimeout
                0x0800827c      0x12c ./Drivers/STM32F7xx_HAL_Driver/Src/stm32f7xx_hal_spi.o
 .text.SPI_EndRxTxTransaction
                0x080083a8       0xd4 ./Drivers/STM32F7xx_HAL_Driver/Src/stm32f7xx_hal_spi.o
 .text.HAL_TIM_Base_Init
                0x0800847c       0xae ./Drivers/STM32F7xx_HAL_Driver/Src/stm32f7xx_hal_tim.o
                0x0800847c                HAL_TIM_Base_Init
 *fill*         0x0800852a        0x2 
 .text.HAL_TIM_ConfigClockSource
                0x0800852c      0x194 ./Drivers/STM32F7xx_HAL_Driver/Src/stm32f7xx_hal_tim.o
                0x0800852c                HAL_TIM_ConfigClockSource
 .text.TIM_Base_SetConfig
                0x080086c0      0x158 ./Drivers/STM32F7xx_HAL_Driver/Src/stm32f7xx_hal_tim.o
                0x080086c0                TIM_Base_SetConfig
 .text.TIM_TI1_ConfigInputStage
                0x08008818       0x5e ./Drivers/STM32F7xx_HAL_Driver/Src/stm32f7xx_hal_tim.o
 .text.TIM_TI2_ConfigInputStage
                0x08008876       0x60 ./Drivers/STM32F7xx_HAL_Driver/Src/stm32f7xx_hal_tim.o
 .text.TIM_ITRx_SetConfig
                0x080088d6       0x36 ./Drivers/STM32F7xx_HAL_Driver/Src/stm32f7xx_hal_tim.o
 .text.TIM_ETR_SetConfig
                0x0800890c       0x40 ./Drivers/STM32F7xx_HAL_Driver/Src/stm32f7xx_hal_tim.o
                0x0800890c                TIM_ETR_SetConfig
 .text.HAL_TIMEx_MasterConfigSynchronization
                0x0800894c      0x11c ./Drivers/STM32F7xx_HAL_Driver/Src/stm32f7xx_hal_tim_ex.o
                0x0800894c                HAL_TIMEx_MasterConfigSynchronization
 .text.__cvt    0x08008a68       0xa8 D:/STM32CubeIDE_1.16.0/STM32CubeIDE/plugins/com.st.stm32cube.ide.mcu.externaltools.gnu-tools-for-stm32.12.3.rel1.win32_1.0.200.202406191623/tools/bin/../lib/gcc/arm-none-eabi/12.3.1/../../../../arm-none-eabi/lib/thumb/v7e-m+dp/hard\libc_nano.a(libc_a-nano-vfprintf_float.o)
                0x08008a68                __cvt
 .text.__exponent
                0x08008b10       0x74 D:/STM32CubeIDE_1.16.0/STM32CubeIDE/plugins/com.st.stm32cube.ide.mcu.externaltools.gnu-tools-for-stm32.12.3.rel1.win32_1.0.200.202406191623/tools/bin/../lib/gcc/arm-none-eabi/12.3.1/../../../../arm-none-eabi/lib/thumb/v7e-m+dp/hard\libc_nano.a(libc_a-nano-vfprintf_float.o)
                0x08008b10                __exponent
 *fill*         0x08008b84        0x4 
 .text._printf_float
                0x08008b88      0x434 D:/STM32CubeIDE_1.16.0/STM32CubeIDE/plugins/com.st.stm32cube.ide.mcu.externaltools.gnu-tools-for-stm32.12.3.rel1.win32_1.0.200.202406191623/tools/bin/../lib/gcc/arm-none-eabi/12.3.1/../../../../arm-none-eabi/lib/thumb/v7e-m+dp/hard\libc_nano.a(libc_a-nano-vfprintf_float.o)
                0x08008b88                _printf_float
 .text._printf_common
                0x08008fbc       0xda D:/STM32CubeIDE_1.16.0/STM32CubeIDE/plugins/com.st.stm32cube.ide.mcu.externaltools.gnu-tools-for-stm32.12.3.rel1.win32_1.0.200.202406191623/tools/bin/../lib/gcc/arm-none-eabi/12.3.1/../../../../arm-none-eabi/lib/thumb/v7e-m+dp/hard\libc_nano.a(libc_a-nano-vfprintf_i.o)
                0x08008fbc                _printf_common
 *fill*         0x08009096        0x2 
 .text._printf_i
                0x08009098      0x240 D:/STM32CubeIDE_1.16.0/STM32CubeIDE/plugins/com.st.stm32cube.ide.mcu.externaltools.gnu-tools-for-stm32.12.3.rel1.win32_1.0.200.202406191623/tools/bin/../lib/gcc/arm-none-eabi/12.3.1/../../../../arm-none-eabi/lib/thumb/v7e-m+dp/hard\libc_nano.a(libc_a-nano-vfprintf_i.o)
                0x08009098                _printf_i
 .text._scanf_float
                0x080092d8      0x418 D:/STM32CubeIDE_1.16.0/STM32CubeIDE/plugins/com.st.stm32cube.ide.mcu.externaltools.gnu-tools-for-stm32.12.3.rel1.win32_1.0.200.202406191623/tools/bin/../lib/gcc/arm-none-eabi/12.3.1/../../../../arm-none-eabi/lib/thumb/v7e-m+dp/hard\libc_nano.a(libc_a-nano-vfscanf_float.o)
                0x080092d8                _scanf_float
 .text.std      0x080096f0       0x6c D:/STM32CubeIDE_1.16.0/STM32CubeIDE/plugins/com.st.stm32cube.ide.mcu.externaltools.gnu-tools-for-stm32.12.3.rel1.win32_1.0.200.202406191623/tools/bin/../lib/gcc/arm-none-eabi/12.3.1/../../../../arm-none-eabi/lib/thumb/v7e-m+dp/hard\libc_nano.a(libc_a-findfp.o)
 .text.stdio_exit_handler
                0x0800975c       0x18 D:/STM32CubeIDE_1.16.0/STM32CubeIDE/plugins/com.st.stm32cube.ide.mcu.externaltools.gnu-tools-for-stm32.12.3.rel1.win32_1.0.200.202406191623/tools/bin/../lib/gcc/arm-none-eabi/12.3.1/../../../../arm-none-eabi/lib/thumb/v7e-m+dp/hard\libc_nano.a(libc_a-findfp.o)
 .text.cleanup_stdio
                0x08009774       0x40 D:/STM32CubeIDE_1.16.0/STM32CubeIDE/plugins/com.st.stm32cube.ide.mcu.externaltools.gnu-tools-for-stm32.12.3.rel1.win32_1.0.200.202406191623/tools/bin/../lib/gcc/arm-none-eabi/12.3.1/../../../../arm-none-eabi/lib/thumb/v7e-m+dp/hard\libc_nano.a(libc_a-findfp.o)
 .text.global_stdio_init.part.0
                0x080097b4       0x3c D:/STM32CubeIDE_1.16.0/STM32CubeIDE/plugins/com.st.stm32cube.ide.mcu.externaltools.gnu-tools-for-stm32.12.3.rel1.win32_1.0.200.202406191623/tools/bin/../lib/gcc/arm-none-eabi/12.3.1/../../../../arm-none-eabi/lib/thumb/v7e-m+dp/hard\libc_nano.a(libc_a-findfp.o)
 .text.__sfp_lock_acquire
                0x080097f0        0xc D:/STM32CubeIDE_1.16.0/STM32CubeIDE/plugins/com.st.stm32cube.ide.mcu.externaltools.gnu-tools-for-stm32.12.3.rel1.win32_1.0.200.202406191623/tools/bin/../lib/gcc/arm-none-eabi/12.3.1/../../../../arm-none-eabi/lib/thumb/v7e-m+dp/hard\libc_nano.a(libc_a-findfp.o)
                0x080097f0                __sfp_lock_acquire
 .text.__sfp_lock_release
                0x080097fc        0xc D:/STM32CubeIDE_1.16.0/STM32CubeIDE/plugins/com.st.stm32cube.ide.mcu.externaltools.gnu-tools-for-stm32.12.3.rel1.win32_1.0.200.202406191623/tools/bin/../lib/gcc/arm-none-eabi/12.3.1/../../../../arm-none-eabi/lib/thumb/v7e-m+dp/hard\libc_nano.a(libc_a-findfp.o)
                0x080097fc                __sfp_lock_release
 .text.__sinit  0x08009808       0x30 D:/STM32CubeIDE_1.16.0/STM32CubeIDE/plugins/com.st.stm32cube.ide.mcu.externaltools.gnu-tools-for-stm32.12.3.rel1.win32_1.0.200.202406191623/tools/bin/../lib/gcc/arm-none-eabi/12.3.1/../../../../arm-none-eabi/lib/thumb/v7e-m+dp/hard\libc_nano.a(libc_a-findfp.o)
                0x08009808                __sinit
 .text._fwalk_sglue
                0x08009838       0x3c D:/STM32CubeIDE_1.16.0/STM32CubeIDE/plugins/com.st.stm32cube.ide.mcu.externaltools.gnu-tools-for-stm32.12.3.rel1.win32_1.0.200.202406191623/tools/bin/../lib/gcc/arm-none-eabi/12.3.1/../../../../arm-none-eabi/lib/thumb/v7e-m+dp/hard\libc_nano.a(libc_a-fwalk.o)
                0x08009838                _fwalk_sglue
 .text.sprintf  0x08009874       0x40 D:/STM32CubeIDE_1.16.0/STM32CubeIDE/plugins/com.st.stm32cube.ide.mcu.externaltools.gnu-tools-for-stm32.12.3.rel1.win32_1.0.200.202406191623/tools/bin/../lib/gcc/arm-none-eabi/12.3.1/../../../../arm-none-eabi/lib/thumb/v7e-m+dp/hard\libc_nano.a(libc_a-sprintf.o)
                0x08009874                siprintf
                0x08009874                sprintf
 .text.__sread  0x080098b4       0x22 D:/STM32CubeIDE_1.16.0/STM32CubeIDE/plugins/com.st.stm32cube.ide.mcu.externaltools.gnu-tools-for-stm32.12.3.rel1.win32_1.0.200.202406191623/tools/bin/../lib/gcc/arm-none-eabi/12.3.1/../../../../arm-none-eabi/lib/thumb/v7e-m+dp/hard\libc_nano.a(libc_a-stdio.o)
                0x080098b4                __sread
 .text.__swrite
                0x080098d6       0x38 D:/STM32CubeIDE_1.16.0/STM32CubeIDE/plugins/com.st.stm32cube.ide.mcu.externaltools.gnu-tools-for-stm32.12.3.rel1.win32_1.0.200.202406191623/tools/bin/../lib/gcc/arm-none-eabi/12.3.1/../../../../arm-none-eabi/lib/thumb/v7e-m+dp/hard\libc_nano.a(libc_a-stdio.o)
                0x080098d6                __swrite
 .text.__sseek  0x0800990e       0x24 D:/STM32CubeIDE_1.16.0/STM32CubeIDE/plugins/com.st.stm32cube.ide.mcu.externaltools.gnu-tools-for-stm32.12.3.rel1.win32_1.0.200.202406191623/tools/bin/../lib/gcc/arm-none-eabi/12.3.1/../../../../arm-none-eabi/lib/thumb/v7e-m+dp/hard\libc_nano.a(libc_a-stdio.o)
                0x0800990e                __sseek
 .text.__sclose
                0x08009932        0x8 D:/STM32CubeIDE_1.16.0/STM32CubeIDE/plugins/com.st.stm32cube.ide.mcu.externaltools.gnu-tools-for-stm32.12.3.rel1.win32_1.0.200.202406191623/tools/bin/../lib/gcc/arm-none-eabi/12.3.1/../../../../arm-none-eabi/lib/thumb/v7e-m+dp/hard\libc_nano.a(libc_a-stdio.o)
                0x08009932                __sclose
 .text.memset   0x0800993a       0x10 D:/STM32CubeIDE_1.16.0/STM32CubeIDE/plugins/com.st.stm32cube.ide.mcu.externaltools.gnu-tools-for-stm32.12.3.rel1.win32_1.0.200.202406191623/tools/bin/../lib/gcc/arm-none-eabi/12.3.1/../../../../arm-none-eabi/lib/thumb/v7e-m+dp/hard\libc_nano.a(libc_a-memset.o)
                0x0800993a                memset
 *fill*         0x0800994a        0x2 
 .text._localeconv_r
                0x0800994c        0x8 D:/STM32CubeIDE_1.16.0/STM32CubeIDE/plugins/com.st.stm32cube.ide.mcu.externaltools.gnu-tools-for-stm32.12.3.rel1.win32_1.0.200.202406191623/tools/bin/../lib/gcc/arm-none-eabi/12.3.1/../../../../arm-none-eabi/lib/thumb/v7e-m+dp/hard\libc_nano.a(libc_a-localeconv.o)
                0x0800994c                _localeconv_r
 .text._close_r
                0x08009954       0x20 D:/STM32CubeIDE_1.16.0/STM32CubeIDE/plugins/com.st.stm32cube.ide.mcu.externaltools.gnu-tools-for-stm32.12.3.rel1.win32_1.0.200.202406191623/tools/bin/../lib/gcc/arm-none-eabi/12.3.1/../../../../arm-none-eabi/lib/thumb/v7e-m+dp/hard\libc_nano.a(libc_a-closer.o)
                0x08009954                _close_r
 .text._lseek_r
                0x08009974       0x24 D:/STM32CubeIDE_1.16.0/STM32CubeIDE/plugins/com.st.stm32cube.ide.mcu.externaltools.gnu-tools-for-stm32.12.3.rel1.win32_1.0.200.202406191623/tools/bin/../lib/gcc/arm-none-eabi/12.3.1/../../../../arm-none-eabi/lib/thumb/v7e-m+dp/hard\libc_nano.a(libc_a-lseekr.o)
                0x08009974                _lseek_r
 .text._read_r  0x08009998       0x24 D:/STM32CubeIDE_1.16.0/STM32CubeIDE/plugins/com.st.stm32cube.ide.mcu.externaltools.gnu-tools-for-stm32.12.3.rel1.win32_1.0.200.202406191623/tools/bin/../lib/gcc/arm-none-eabi/12.3.1/../../../../arm-none-eabi/lib/thumb/v7e-m+dp/hard\libc_nano.a(libc_a-readr.o)
                0x08009998                _read_r
 .text._write_r
                0x080099bc       0x24 D:/STM32CubeIDE_1.16.0/STM32CubeIDE/plugins/com.st.stm32cube.ide.mcu.externaltools.gnu-tools-for-stm32.12.3.rel1.win32_1.0.200.202406191623/tools/bin/../lib/gcc/arm-none-eabi/12.3.1/../../../../arm-none-eabi/lib/thumb/v7e-m+dp/hard\libc_nano.a(libc_a-writer.o)
                0x080099bc                _write_r
 .text.__errno  0x080099e0        0xc D:/STM32CubeIDE_1.16.0/STM32CubeIDE/plugins/com.st.stm32cube.ide.mcu.externaltools.gnu-tools-for-stm32.12.3.rel1.win32_1.0.200.202406191623/tools/bin/../lib/gcc/arm-none-eabi/12.3.1/../../../../arm-none-eabi/lib/thumb/v7e-m+dp/hard\libc_nano.a(libc_a-errno.o)
                0x080099e0                __errno
 .text.__libc_init_array
                0x080099ec       0x48 D:/STM32CubeIDE_1.16.0/STM32CubeIDE/plugins/com.st.stm32cube.ide.mcu.externaltools.gnu-tools-for-stm32.12.3.rel1.win32_1.0.200.202406191623/tools/bin/../lib/gcc/arm-none-eabi/12.3.1/../../../../arm-none-eabi/lib/thumb/v7e-m+dp/hard\libc_nano.a(libc_a-init.o)
                0x080099ec                __libc_init_array
 .text.__retarget_lock_init_recursive
                0x08009a34        0x2 D:/STM32CubeIDE_1.16.0/STM32CubeIDE/plugins/com.st.stm32cube.ide.mcu.externaltools.gnu-tools-for-stm32.12.3.rel1.win32_1.0.200.202406191623/tools/bin/../lib/gcc/arm-none-eabi/12.3.1/../../../../arm-none-eabi/lib/thumb/v7e-m+dp/hard\libc_nano.a(libc_a-lock.o)
                0x08009a34                __retarget_lock_init_recursive
 .text.__retarget_lock_acquire_recursive
                0x08009a36        0x2 D:/STM32CubeIDE_1.16.0/STM32CubeIDE/plugins/com.st.stm32cube.ide.mcu.externaltools.gnu-tools-for-stm32.12.3.rel1.win32_1.0.200.202406191623/tools/bin/../lib/gcc/arm-none-eabi/12.3.1/../../../../arm-none-eabi/lib/thumb/v7e-m+dp/hard\libc_nano.a(libc_a-lock.o)
                0x08009a36                __retarget_lock_acquire_recursive
 .text.__retarget_lock_release_recursive
                0x08009a38        0x2 D:/STM32CubeIDE_1.16.0/STM32CubeIDE/plugins/com.st.stm32cube.ide.mcu.externaltools.gnu-tools-for-stm32.12.3.rel1.win32_1.0.200.202406191623/tools/bin/../lib/gcc/arm-none-eabi/12.3.1/../../../../arm-none-eabi/lib/thumb/v7e-m+dp/hard\libc_nano.a(libc_a-lock.o)
                0x08009a38                __retarget_lock_release_recursive
 *fill*         0x08009a3a        0x2 
 .text.nanf     0x08009a3c        0xc D:/STM32CubeIDE_1.16.0/STM32CubeIDE/plugins/com.st.stm32cube.ide.mcu.externaltools.gnu-tools-for-stm32.12.3.rel1.win32_1.0.200.202406191623/tools/bin/../lib/gcc/arm-none-eabi/12.3.1/../../../../arm-none-eabi/lib/thumb/v7e-m+dp/hard\libc_nano.a(libm_a-sf_nan.o)
                0x08009a3c                nanf
 .text.quorem   0x08009a48      0x110 D:/STM32CubeIDE_1.16.0/STM32CubeIDE/plugins/com.st.stm32cube.ide.mcu.externaltools.gnu-tools-for-stm32.12.3.rel1.win32_1.0.200.202406191623/tools/bin/../lib/gcc/arm-none-eabi/12.3.1/../../../../arm-none-eabi/lib/thumb/v7e-m+dp/hard\libc_nano.a(libc_a-dtoa.o)
 .text._dtoa_r  0x08009b58      0xaac D:/STM32CubeIDE_1.16.0/STM32CubeIDE/plugins/com.st.stm32cube.ide.mcu.externaltools.gnu-tools-for-stm32.12.3.rel1.win32_1.0.200.202406191623/tools/bin/../lib/gcc/arm-none-eabi/12.3.1/../../../../arm-none-eabi/lib/thumb/v7e-m+dp/hard\libc_nano.a(libc_a-dtoa.o)
                0x08009b58                _dtoa_r
 .text._free_r  0x0800a604       0x94 D:/STM32CubeIDE_1.16.0/STM32CubeIDE/plugins/com.st.stm32cube.ide.mcu.externaltools.gnu-tools-for-stm32.12.3.rel1.win32_1.0.200.202406191623/tools/bin/../lib/gcc/arm-none-eabi/12.3.1/../../../../arm-none-eabi/lib/thumb/v7e-m+dp/hard\libc_nano.a(libc_a-freer.o)
                0x0800a604                _free_r
 .text.malloc   0x0800a698       0x10 D:/STM32CubeIDE_1.16.0/STM32CubeIDE/plugins/com.st.stm32cube.ide.mcu.externaltools.gnu-tools-for-stm32.12.3.rel1.win32_1.0.200.202406191623/tools/bin/../lib/gcc/arm-none-eabi/12.3.1/../../../../arm-none-eabi/lib/thumb/v7e-m+dp/hard\libc_nano.a(libc_a-malloc.o)
                0x0800a698                malloc
 .text.sbrk_aligned
                0x0800a6a8       0x44 D:/STM32CubeIDE_1.16.0/STM32CubeIDE/plugins/com.st.stm32cube.ide.mcu.externaltools.gnu-tools-for-stm32.12.3.rel1.win32_1.0.200.202406191623/tools/bin/../lib/gcc/arm-none-eabi/12.3.1/../../../../arm-none-eabi/lib/thumb/v7e-m+dp/hard\libc_nano.a(libc_a-mallocr.o)
 .text._malloc_r
                0x0800a6ec      0x100 D:/STM32CubeIDE_1.16.0/STM32CubeIDE/plugins/com.st.stm32cube.ide.mcu.externaltools.gnu-tools-for-stm32.12.3.rel1.win32_1.0.200.202406191623/tools/bin/../lib/gcc/arm-none-eabi/12.3.1/../../../../arm-none-eabi/lib/thumb/v7e-m+dp/hard\libc_nano.a(libc_a-mallocr.o)
                0x0800a6ec                _malloc_r
 .text.__malloc_lock
                0x0800a7ec        0xc D:/STM32CubeIDE_1.16.0/STM32CubeIDE/plugins/com.st.stm32cube.ide.mcu.externaltools.gnu-tools-for-stm32.12.3.rel1.win32_1.0.200.202406191623/tools/bin/../lib/gcc/arm-none-eabi/12.3.1/../../../../arm-none-eabi/lib/thumb/v7e-m+dp/hard\libc_nano.a(libc_a-mlock.o)
                0x0800a7ec                __malloc_lock
 .text.__malloc_unlock
                0x0800a7f8        0xc D:/STM32CubeIDE_1.16.0/STM32CubeIDE/plugins/com.st.stm32cube.ide.mcu.externaltools.gnu-tools-for-stm32.12.3.rel1.win32_1.0.200.202406191623/tools/bin/../lib/gcc/arm-none-eabi/12.3.1/../../../../arm-none-eabi/lib/thumb/v7e-m+dp/hard\libc_nano.a(libc_a-mlock.o)
                0x0800a7f8                __malloc_unlock
 .text._Balloc  0x0800a804       0x80 D:/STM32CubeIDE_1.16.0/STM32CubeIDE/plugins/com.st.stm32cube.ide.mcu.externaltools.gnu-tools-for-stm32.12.3.rel1.win32_1.0.200.202406191623/tools/bin/../lib/gcc/arm-none-eabi/12.3.1/../../../../arm-none-eabi/lib/thumb/v7e-m+dp/hard\libc_nano.a(libc_a-mprec.o)
                0x0800a804                _Balloc
 .text._Bfree   0x0800a884       0x44 D:/STM32CubeIDE_1.16.0/STM32CubeIDE/plugins/com.st.stm32cube.ide.mcu.externaltools.gnu-tools-for-stm32.12.3.rel1.win32_1.0.200.202406191623/tools/bin/../lib/gcc/arm-none-eabi/12.3.1/../../../../arm-none-eabi/lib/thumb/v7e-m+dp/hard\libc_nano.a(libc_a-mprec.o)
                0x0800a884                _Bfree
 .text.__multadd
                0x0800a8c8       0x8c D:/STM32CubeIDE_1.16.0/STM32CubeIDE/plugins/com.st.stm32cube.ide.mcu.externaltools.gnu-tools-for-stm32.12.3.rel1.win32_1.0.200.202406191623/tools/bin/../lib/gcc/arm-none-eabi/12.3.1/../../../../arm-none-eabi/lib/thumb/v7e-m+dp/hard\libc_nano.a(libc_a-mprec.o)
                0x0800a8c8                __multadd
 .text.__s2b    0x0800a954       0x94 D:/STM32CubeIDE_1.16.0/STM32CubeIDE/plugins/com.st.stm32cube.ide.mcu.externaltools.gnu-tools-for-stm32.12.3.rel1.win32_1.0.200.202406191623/tools/bin/../lib/gcc/arm-none-eabi/12.3.1/../../../../arm-none-eabi/lib/thumb/v7e-m+dp/hard\libc_nano.a(libc_a-mprec.o)
                0x0800a954                __s2b
 .text.__hi0bits
                0x0800a9e8       0x3e D:/STM32CubeIDE_1.16.0/STM32CubeIDE/plugins/com.st.stm32cube.ide.mcu.externaltools.gnu-tools-for-stm32.12.3.rel1.win32_1.0.200.202406191623/tools/bin/../lib/gcc/arm-none-eabi/12.3.1/../../../../arm-none-eabi/lib/thumb/v7e-m+dp/hard\libc_nano.a(libc_a-mprec.o)
                0x0800a9e8                __hi0bits
 .text.__lo0bits
                0x0800aa26       0x5a D:/STM32CubeIDE_1.16.0/STM32CubeIDE/plugins/com.st.stm32cube.ide.mcu.externaltools.gnu-tools-for-stm32.12.3.rel1.win32_1.0.200.202406191623/tools/bin/../lib/gcc/arm-none-eabi/12.3.1/../../../../arm-none-eabi/lib/thumb/v7e-m+dp/hard\libc_nano.a(libc_a-mprec.o)
                0x0800aa26                __lo0bits
 .text.__i2b    0x0800aa80       0x2c D:/STM32CubeIDE_1.16.0/STM32CubeIDE/plugins/com.st.stm32cube.ide.mcu.externaltools.gnu-tools-for-stm32.12.3.rel1.win32_1.0.200.202406191623/tools/bin/../lib/gcc/arm-none-eabi/12.3.1/../../../../arm-none-eabi/lib/thumb/v7e-m+dp/hard\libc_nano.a(libc_a-mprec.o)
                0x0800aa80                __i2b
 .text.__multiply
                0x0800aaac      0x154 D:/STM32CubeIDE_1.16.0/STM32CubeIDE/plugins/com.st.stm32cube.ide.mcu.externaltools.gnu-tools-for-stm32.12.3.rel1.win32_1.0.200.202406191623/tools/bin/../lib/gcc/arm-none-eabi/12.3.1/../../../../arm-none-eabi/lib/thumb/v7e-m+dp/hard\libc_nano.a(libc_a-mprec.o)
                0x0800aaac                __multiply
 .text.__pow5mult
                0x0800ac00       0xb4 D:/STM32CubeIDE_1.16.0/STM32CubeIDE/plugins/com.st.stm32cube.ide.mcu.externaltools.gnu-tools-for-stm32.12.3.rel1.win32_1.0.200.202406191623/tools/bin/../lib/gcc/arm-none-eabi/12.3.1/../../../../arm-none-eabi/lib/thumb/v7e-m+dp/hard\libc_nano.a(libc_a-mprec.o)
                0x0800ac00                __pow5mult
 .text.__lshift
                0x0800acb4       0xd8 D:/STM32CubeIDE_1.16.0/STM32CubeIDE/plugins/com.st.stm32cube.ide.mcu.externaltools.gnu-tools-for-stm32.12.3.rel1.win32_1.0.200.202406191623/tools/bin/../lib/gcc/arm-none-eabi/12.3.1/../../../../arm-none-eabi/lib/thumb/v7e-m+dp/hard\libc_nano.a(libc_a-mprec.o)
                0x0800acb4                __lshift
 .text.__mcmp   0x0800ad8c       0x36 D:/STM32CubeIDE_1.16.0/STM32CubeIDE/plugins/com.st.stm32cube.ide.mcu.externaltools.gnu-tools-for-stm32.12.3.rel1.win32_1.0.200.202406191623/tools/bin/../lib/gcc/arm-none-eabi/12.3.1/../../../../arm-none-eabi/lib/thumb/v7e-m+dp/hard\libc_nano.a(libc_a-mprec.o)
                0x0800ad8c                __mcmp
 *fill*         0x0800adc2        0x2 
 .text.__mdiff  0x0800adc4      0x128 D:/STM32CubeIDE_1.16.0/STM32CubeIDE/plugins/com.st.stm32cube.ide.mcu.externaltools.gnu-tools-for-stm32.12.3.rel1.win32_1.0.200.202406191623/tools/bin/../lib/gcc/arm-none-eabi/12.3.1/../../../../arm-none-eabi/lib/thumb/v7e-m+dp/hard\libc_nano.a(libc_a-mprec.o)
                0x0800adc4                __mdiff
 .text.__ulp    0x0800aeec       0x4c D:/STM32CubeIDE_1.16.0/STM32CubeIDE/plugins/com.st.stm32cube.ide.mcu.externaltools.gnu-tools-for-stm32.12.3.rel1.win32_1.0.200.202406191623/tools/bin/../lib/gcc/arm-none-eabi/12.3.1/../../../../arm-none-eabi/lib/thumb/v7e-m+dp/hard\libc_nano.a(libc_a-mprec.o)
                0x0800aeec                __ulp
 .text.__b2d    0x0800af38       0x94 D:/STM32CubeIDE_1.16.0/STM32CubeIDE/plugins/com.st.stm32cube.ide.mcu.externaltools.gnu-tools-for-stm32.12.3.rel1.win32_1.0.200.202406191623/tools/bin/../lib/gcc/arm-none-eabi/12.3.1/../../../../arm-none-eabi/lib/thumb/v7e-m+dp/hard\libc_nano.a(libc_a-mprec.o)
                0x0800af38                __b2d
 .text.__d2b    0x0800afcc       0xb0 D:/STM32CubeIDE_1.16.0/STM32CubeIDE/plugins/com.st.stm32cube.ide.mcu.externaltools.gnu-tools-for-stm32.12.3.rel1.win32_1.0.200.202406191623/tools/bin/../lib/gcc/arm-none-eabi/12.3.1/../../../../arm-none-eabi/lib/thumb/v7e-m+dp/hard\libc_nano.a(libc_a-mprec.o)
                0x0800afcc                __d2b
 .text.__ratio  0x0800b07c       0x5e D:/STM32CubeIDE_1.16.0/STM32CubeIDE/plugins/com.st.stm32cube.ide.mcu.externaltools.gnu-tools-for-stm32.12.3.rel1.win32_1.0.200.202406191623/tools/bin/../lib/gcc/arm-none-eabi/12.3.1/../../../../arm-none-eabi/lib/thumb/v7e-m+dp/hard\libc_nano.a(libc_a-mprec.o)
                0x0800b07c                __ratio
 .text.__copybits
                0x0800b0da       0x46 D:/STM32CubeIDE_1.16.0/STM32CubeIDE/plugins/com.st.stm32cube.ide.mcu.externaltools.gnu-tools-for-stm32.12.3.rel1.win32_1.0.200.202406191623/tools/bin/../lib/gcc/arm-none-eabi/12.3.1/../../../../arm-none-eabi/lib/thumb/v7e-m+dp/hard\libc_nano.a(libc_a-mprec.o)
                0x0800b0da                __copybits
 .text.__any_on
                0x0800b120       0x42 D:/STM32CubeIDE_1.16.0/STM32CubeIDE/plugins/com.st.stm32cube.ide.mcu.externaltools.gnu-tools-for-stm32.12.3.rel1.win32_1.0.200.202406191623/tools/bin/../lib/gcc/arm-none-eabi/12.3.1/../../../../arm-none-eabi/lib/thumb/v7e-m+dp/hard\libc_nano.a(libc_a-mprec.o)
                0x0800b120                __any_on
 .text.sulp     0x0800b162       0x34 D:/STM32CubeIDE_1.16.0/STM32CubeIDE/plugins/com.st.stm32cube.ide.mcu.externaltools.gnu-tools-for-stm32.12.3.rel1.win32_1.0.200.202406191623/tools/bin/../lib/gcc/arm-none-eabi/12.3.1/../../../../arm-none-eabi/lib/thumb/v7e-m+dp/hard\libc_nano.a(libc_a-strtod.o)
 *fill*         0x0800b196        0x2 
 .text._strtod_l
                0x0800b198      0xb2c D:/STM32CubeIDE_1.16.0/STM32CubeIDE/plugins/com.st.stm32cube.ide.mcu.externaltools.gnu-tools-for-stm32.12.3.rel1.win32_1.0.200.202406191623/tools/bin/../lib/gcc/arm-none-eabi/12.3.1/../../../../arm-none-eabi/lib/thumb/v7e-m+dp/hard\libc_nano.a(libc_a-strtod.o)
                0x0800b198                _strtod_l
 .text._strtod_r
                0x0800bcc4        0xc D:/STM32CubeIDE_1.16.0/STM32CubeIDE/plugins/com.st.stm32cube.ide.mcu.externaltools.gnu-tools-for-stm32.12.3.rel1.win32_1.0.200.202406191623/tools/bin/../lib/gcc/arm-none-eabi/12.3.1/../../../../arm-none-eabi/lib/thumb/v7e-m+dp/hard\libc_nano.a(libc_a-strtod.o)
                0x0800bcc4                _strtod_r
 .text._strtol_l.constprop.0
                0x0800bcd0       0xf4 D:/STM32CubeIDE_1.16.0/STM32CubeIDE/plugins/com.st.stm32cube.ide.mcu.externaltools.gnu-tools-for-stm32.12.3.rel1.win32_1.0.200.202406191623/tools/bin/../lib/gcc/arm-none-eabi/12.3.1/../../../../arm-none-eabi/lib/thumb/v7e-m+dp/hard\libc_nano.a(libc_a-strtol.o)
 .text._strtol_r
                0x0800bdc4        0x4 D:/STM32CubeIDE_1.16.0/STM32CubeIDE/plugins/com.st.stm32cube.ide.mcu.externaltools.gnu-tools-for-stm32.12.3.rel1.win32_1.0.200.202406191623/tools/bin/../lib/gcc/arm-none-eabi/12.3.1/../../../../arm-none-eabi/lib/thumb/v7e-m+dp/hard\libc_nano.a(libc_a-strtol.o)
                0x0800bdc4                _strtol_r
 .text.__ssputs_r
                0x0800bdc8       0xb6 D:/STM32CubeIDE_1.16.0/STM32CubeIDE/plugins/com.st.stm32cube.ide.mcu.externaltools.gnu-tools-for-stm32.12.3.rel1.win32_1.0.200.202406191623/tools/bin/../lib/gcc/arm-none-eabi/12.3.1/../../../../arm-none-eabi/lib/thumb/v7e-m+dp/hard\libc_nano.a(libc_a-nano-svfprintf.o)
                0x0800bdc8                __ssputs_r
 *fill*         0x0800be7e        0x2 
 .text._svfprintf_r
                0x0800be80      0x1f8 D:/STM32CubeIDE_1.16.0/STM32CubeIDE/plugins/com.st.stm32cube.ide.mcu.externaltools.gnu-tools-for-stm32.12.3.rel1.win32_1.0.200.202406191623/tools/bin/../lib/gcc/arm-none-eabi/12.3.1/../../../../arm-none-eabi/lib/thumb/v7e-m+dp/hard\libc_nano.a(libc_a-nano-svfprintf.o)
                0x0800be80                _svfiprintf_r
                0x0800be80                _svfprintf_r
 .text.__sflush_r
                0x0800c078      0x108 D:/STM32CubeIDE_1.16.0/STM32CubeIDE/plugins/com.st.stm32cube.ide.mcu.externaltools.gnu-tools-for-stm32.12.3.rel1.win32_1.0.200.202406191623/tools/bin/../lib/gcc/arm-none-eabi/12.3.1/../../../../arm-none-eabi/lib/thumb/v7e-m+dp/hard\libc_nano.a(libc_a-fflush.o)
                0x0800c078                __sflush_r
 .text._fflush_r
                0x0800c180       0x50 D:/STM32CubeIDE_1.16.0/STM32CubeIDE/plugins/com.st.stm32cube.ide.mcu.externaltools.gnu-tools-for-stm32.12.3.rel1.win32_1.0.200.202406191623/tools/bin/../lib/gcc/arm-none-eabi/12.3.1/../../../../arm-none-eabi/lib/thumb/v7e-m+dp/hard\libc_nano.a(libc_a-fflush.o)
                0x0800c180                _fflush_r
 .text.memmove  0x0800c1d0       0x34 D:/STM32CubeIDE_1.16.0/STM32CubeIDE/plugins/com.st.stm32cube.ide.mcu.externaltools.gnu-tools-for-stm32.12.3.rel1.win32_1.0.200.202406191623/tools/bin/../lib/gcc/arm-none-eabi/12.3.1/../../../../arm-none-eabi/lib/thumb/v7e-m+dp/hard\libc_nano.a(libc_a-memmove.o)
                0x0800c1d0                memmove
 .text.strncmp  0x0800c204       0x24 D:/STM32CubeIDE_1.16.0/STM32CubeIDE/plugins/com.st.stm32cube.ide.mcu.externaltools.gnu-tools-for-stm32.12.3.rel1.win32_1.0.200.202406191623/tools/bin/../lib/gcc/arm-none-eabi/12.3.1/../../../../arm-none-eabi/lib/thumb/v7e-m+dp/hard\libc_nano.a(libc_a-strncmp.o)
                0x0800c204                strncmp
 .text._sbrk_r  0x0800c228       0x20 D:/STM32CubeIDE_1.16.0/STM32CubeIDE/plugins/com.st.stm32cube.ide.mcu.externaltools.gnu-tools-for-stm32.12.3.rel1.win32_1.0.200.202406191623/tools/bin/../lib/gcc/arm-none-eabi/12.3.1/../../../../arm-none-eabi/lib/thumb/v7e-m+dp/hard\libc_nano.a(libc_a-sbrkr.o)
                0x0800c228                _sbrk_r
 .text.memcpy   0x0800c248       0x1c D:/STM32CubeIDE_1.16.0/STM32CubeIDE/plugins/com.st.stm32cube.ide.mcu.externaltools.gnu-tools-for-stm32.12.3.rel1.win32_1.0.200.202406191623/tools/bin/../lib/gcc/arm-none-eabi/12.3.1/../../../../arm-none-eabi/lib/thumb/v7e-m+dp/hard\libc_nano.a(libc_a-memcpy-stub.o)
                0x0800c248                memcpy
 *fill*         0x0800c264        0x4 
 .text.nan      0x0800c268       0x10 D:/STM32CubeIDE_1.16.0/STM32CubeIDE/plugins/com.st.stm32cube.ide.mcu.externaltools.gnu-tools-for-stm32.12.3.rel1.win32_1.0.200.202406191623/tools/bin/../lib/gcc/arm-none-eabi/12.3.1/../../../../arm-none-eabi/lib/thumb/v7e-m+dp/hard\libc_nano.a(libm_a-s_nan.o)
                0x0800c268                nan
 .text.__assert_func
                0x0800c278       0x3c D:/STM32CubeIDE_1.16.0/STM32CubeIDE/plugins/com.st.stm32cube.ide.mcu.externaltools.gnu-tools-for-stm32.12.3.rel1.win32_1.0.200.202406191623/tools/bin/../lib/gcc/arm-none-eabi/12.3.1/../../../../arm-none-eabi/lib/thumb/v7e-m+dp/hard\libc_nano.a(libc_a-assert.o)
                0x0800c278                __assert_func
 .text._calloc_r
                0x0800c2b4       0x28 D:/STM32CubeIDE_1.16.0/STM32CubeIDE/plugins/com.st.stm32cube.ide.mcu.externaltools.gnu-tools-for-stm32.12.3.rel1.win32_1.0.200.202406191623/tools/bin/../lib/gcc/arm-none-eabi/12.3.1/../../../../arm-none-eabi/lib/thumb/v7e-m+dp/hard\libc_nano.a(libc_a-callocr.o)
                0x0800c2b4                _calloc_r
 .text.rshift   0x0800c2dc       0xa4 D:/STM32CubeIDE_1.16.0/STM32CubeIDE/plugins/com.st.stm32cube.ide.mcu.externaltools.gnu-tools-for-stm32.12.3.rel1.win32_1.0.200.202406191623/tools/bin/../lib/gcc/arm-none-eabi/12.3.1/../../../../arm-none-eabi/lib/thumb/v7e-m+dp/hard\libc_nano.a(libc_a-gdtoa-gethex.o)
 .text.__hexdig_fun
                0x0800c380       0x2a D:/STM32CubeIDE_1.16.0/STM32CubeIDE/plugins/com.st.stm32cube.ide.mcu.externaltools.gnu-tools-for-stm32.12.3.rel1.win32_1.0.200.202406191623/tools/bin/../lib/gcc/arm-none-eabi/12.3.1/../../../../arm-none-eabi/lib/thumb/v7e-m+dp/hard\libc_nano.a(libc_a-gdtoa-gethex.o)
                0x0800c380                __hexdig_fun
 *fill*         0x0800c3aa        0x2 
 .text.__gethex
                0x0800c3ac      0x420 D:/STM32CubeIDE_1.16.0/STM32CubeIDE/plugins/com.st.stm32cube.ide.mcu.externaltools.gnu-tools-for-stm32.12.3.rel1.win32_1.0.200.202406191623/tools/bin/../lib/gcc/arm-none-eabi/12.3.1/../../../../arm-none-eabi/lib/thumb/v7e-m+dp/hard\libc_nano.a(libc_a-gdtoa-gethex.o)
                0x0800c3ac                __gethex
 .text.L_shift  0x0800c7cc       0x24 D:/STM32CubeIDE_1.16.0/STM32CubeIDE/plugins/com.st.stm32cube.ide.mcu.externaltools.gnu-tools-for-stm32.12.3.rel1.win32_1.0.200.202406191623/tools/bin/../lib/gcc/arm-none-eabi/12.3.1/../../../../arm-none-eabi/lib/thumb/v7e-m+dp/hard\libc_nano.a(libc_a-gdtoa-hexnan.o)
 .text.__match  0x0800c7f0       0x28 D:/STM32CubeIDE_1.16.0/STM32CubeIDE/plugins/com.st.stm32cube.ide.mcu.externaltools.gnu-tools-for-stm32.12.3.rel1.win32_1.0.200.202406191623/tools/bin/../lib/gcc/arm-none-eabi/12.3.1/../../../../arm-none-eabi/lib/thumb/v7e-m+dp/hard\libc_nano.a(libc_a-gdtoa-hexnan.o)
                0x0800c7f0                __match
 .text.__hexnan
                0x0800c818      0x136 D:/STM32CubeIDE_1.16.0/STM32CubeIDE/plugins/com.st.stm32cube.ide.mcu.externaltools.gnu-tools-for-stm32.12.3.rel1.win32_1.0.200.202406191623/tools/bin/../lib/gcc/arm-none-eabi/12.3.1/../../../../arm-none-eabi/lib/thumb/v7e-m+dp/hard\libc_nano.a(libc_a-gdtoa-hexnan.o)
                0x0800c818                __hexnan
 .text.__ascii_mbtowc
                0x0800c94e       0x24 D:/STM32CubeIDE_1.16.0/STM32CubeIDE/plugins/com.st.stm32cube.ide.mcu.externaltools.gnu-tools-for-stm32.12.3.rel1.win32_1.0.200.202406191623/tools/bin/../lib/gcc/arm-none-eabi/12.3.1/../../../../arm-none-eabi/lib/thumb/v7e-m+dp/hard\libc_nano.a(libc_a-mbtowc_r.o)
                0x0800c94e                __ascii_mbtowc
 .text._realloc_r
                0x0800c972       0x5c D:/STM32CubeIDE_1.16.0/STM32CubeIDE/plugins/com.st.stm32cube.ide.mcu.externaltools.gnu-tools-for-stm32.12.3.rel1.win32_1.0.200.202406191623/tools/bin/../lib/gcc/arm-none-eabi/12.3.1/../../../../arm-none-eabi/lib/thumb/v7e-m+dp/hard\libc_nano.a(libc_a-reallocr.o)
                0x0800c972                _realloc_r
 .text.__ascii_wctomb
                0x0800c9ce       0x1a D:/STM32CubeIDE_1.16.0/STM32CubeIDE/plugins/com.st.stm32cube.ide.mcu.externaltools.gnu-tools-for-stm32.12.3.rel1.win32_1.0.200.202406191623/tools/bin/../lib/gcc/arm-none-eabi/12.3.1/../../../../arm-none-eabi/lib/thumb/v7e-m+dp/hard\libc_nano.a(libc_a-wctomb_r.o)
                0x0800c9ce                __ascii_wctomb
 .text.fprintf  0x0800c9e8       0x24 D:/STM32CubeIDE_1.16.0/STM32CubeIDE/plugins/com.st.stm32cube.ide.mcu.externaltools.gnu-tools-for-stm32.12.3.rel1.win32_1.0.200.202406191623/tools/bin/../lib/gcc/arm-none-eabi/12.3.1/../../../../arm-none-eabi/lib/thumb/v7e-m+dp/hard\libc_nano.a(libc_a-fprintf.o)
                0x0800c9e8                fiprintf
                0x0800c9e8                fprintf
 .text.abort    0x0800ca0c        0xe D:/STM32CubeIDE_1.16.0/STM32CubeIDE/plugins/com.st.stm32cube.ide.mcu.externaltools.gnu-tools-for-stm32.12.3.rel1.win32_1.0.200.202406191623/tools/bin/../lib/gcc/arm-none-eabi/12.3.1/../../../../arm-none-eabi/lib/thumb/v7e-m+dp/hard\libc_nano.a(libc_a-abort.o)
                0x0800ca0c                abort
 .text._malloc_usable_size_r
                0x0800ca1a       0x10 D:/STM32CubeIDE_1.16.0/STM32CubeIDE/plugins/com.st.stm32cube.ide.mcu.externaltools.gnu-tools-for-stm32.12.3.rel1.win32_1.0.200.202406191623/tools/bin/../lib/gcc/arm-none-eabi/12.3.1/../../../../arm-none-eabi/lib/thumb/v7e-m+dp/hard\libc_nano.a(libc_a-msizer.o)
                0x0800ca1a                _malloc_usable_size_r
 .text.__sfputc_r
                0x0800ca2a       0x2e D:/STM32CubeIDE_1.16.0/STM32CubeIDE/plugins/com.st.stm32cube.ide.mcu.externaltools.gnu-tools-for-stm32.12.3.rel1.win32_1.0.200.202406191623/tools/bin/../lib/gcc/arm-none-eabi/12.3.1/../../../../arm-none-eabi/lib/thumb/v7e-m+dp/hard\libc_nano.a(libc_a-nano-vfprintf.o)
 .text.__sfputs_r
                0x0800ca58       0x24 D:/STM32CubeIDE_1.16.0/STM32CubeIDE/plugins/com.st.stm32cube.ide.mcu.externaltools.gnu-tools-for-stm32.12.3.rel1.win32_1.0.200.202406191623/tools/bin/../lib/gcc/arm-none-eabi/12.3.1/../../../../arm-none-eabi/lib/thumb/v7e-m+dp/hard\libc_nano.a(libc_a-nano-vfprintf.o)
                0x0800ca58                __sfputs_r
 .text._vfprintf_r
                0x0800ca7c      0x230 D:/STM32CubeIDE_1.16.0/STM32CubeIDE/plugins/com.st.stm32cube.ide.mcu.externaltools.gnu-tools-for-stm32.12.3.rel1.win32_1.0.200.202406191623/tools/bin/../lib/gcc/arm-none-eabi/12.3.1/../../../../arm-none-eabi/lib/thumb/v7e-m+dp/hard\libc_nano.a(libc_a-nano-vfprintf.o)
                0x0800ca7c                _vfprintf_r
                0x0800ca7c                _vfiprintf_r
 .text.__swbuf_r
                0x0800ccac       0x7c D:/STM32CubeIDE_1.16.0/STM32CubeIDE/plugins/com.st.stm32cube.ide.mcu.externaltools.gnu-tools-for-stm32.12.3.rel1.win32_1.0.200.202406191623/tools/bin/../lib/gcc/arm-none-eabi/12.3.1/../../../../arm-none-eabi/lib/thumb/v7e-m+dp/hard\libc_nano.a(libc_a-wbuf.o)
                0x0800ccac                __swbuf_r
 .text.__swsetup_r
                0x0800cd28       0xac D:/STM32CubeIDE_1.16.0/STM32CubeIDE/plugins/com.st.stm32cube.ide.mcu.externaltools.gnu-tools-for-stm32.12.3.rel1.win32_1.0.200.202406191623/tools/bin/../lib/gcc/arm-none-eabi/12.3.1/../../../../arm-none-eabi/lib/thumb/v7e-m+dp/hard\libc_nano.a(libc_a-wsetup.o)
                0x0800cd28                __swsetup_r
 .text._raise_r
                0x0800cdd4       0x50 D:/STM32CubeIDE_1.16.0/STM32CubeIDE/plugins/com.st.stm32cube.ide.mcu.externaltools.gnu-tools-for-stm32.12.3.rel1.win32_1.0.200.202406191623/tools/bin/../lib/gcc/arm-none-eabi/12.3.1/../../../../arm-none-eabi/lib/thumb/v7e-m+dp/hard\libc_nano.a(libc_a-signal.o)
                0x0800cdd4                _raise_r
 .text.raise    0x0800ce24       0x10 D:/STM32CubeIDE_1.16.0/STM32CubeIDE/plugins/com.st.stm32cube.ide.mcu.externaltools.gnu-tools-for-stm32.12.3.rel1.win32_1.0.200.202406191623/tools/bin/../lib/gcc/arm-none-eabi/12.3.1/../../../../arm-none-eabi/lib/thumb/v7e-m+dp/hard\libc_nano.a(libc_a-signal.o)
                0x0800ce24                raise
 .text._kill_r  0x0800ce34       0x24 D:/STM32CubeIDE_1.16.0/STM32CubeIDE/plugins/com.st.stm32cube.ide.mcu.externaltools.gnu-tools-for-stm32.12.3.rel1.win32_1.0.200.202406191623/tools/bin/../lib/gcc/arm-none-eabi/12.3.1/../../../../arm-none-eabi/lib/thumb/v7e-m+dp/hard\libc_nano.a(libc_a-signalr.o)
                0x0800ce34                _kill_r
 .text._getpid_r
                0x0800ce58        0x4 D:/STM32CubeIDE_1.16.0/STM32CubeIDE/plugins/com.st.stm32cube.ide.mcu.externaltools.gnu-tools-for-stm32.12.3.rel1.win32_1.0.200.202406191623/tools/bin/../lib/gcc/arm-none-eabi/12.3.1/../../../../arm-none-eabi/lib/thumb/v7e-m+dp/hard\libc_nano.a(libc_a-signalr.o)
                0x0800ce58                _getpid_r
 .text.__swhatbuf_r
                0x0800ce5c       0x4c D:/STM32CubeIDE_1.16.0/STM32CubeIDE/plugins/com.st.stm32cube.ide.mcu.externaltools.gnu-tools-for-stm32.12.3.rel1.win32_1.0.200.202406191623/tools/bin/../lib/gcc/arm-none-eabi/12.3.1/../../../../arm-none-eabi/lib/thumb/v7e-m+dp/hard\libc_nano.a(libc_a-makebuf.o)
                0x0800ce5c                __swhatbuf_r
 .text.__smakebuf_r
                0x0800cea8       0x78 D:/STM32CubeIDE_1.16.0/STM32CubeIDE/plugins/com.st.stm32cube.ide.mcu.externaltools.gnu-tools-for-stm32.12.3.rel1.win32_1.0.200.202406191623/tools/bin/../lib/gcc/arm-none-eabi/12.3.1/../../../../arm-none-eabi/lib/thumb/v7e-m+dp/hard\libc_nano.a(libc_a-makebuf.o)
                0x0800cea8                __smakebuf_r
 .text._fstat_r
                0x0800cf20       0x24 D:/STM32CubeIDE_1.16.0/STM32CubeIDE/plugins/com.st.stm32cube.ide.mcu.externaltools.gnu-tools-for-stm32.12.3.rel1.win32_1.0.200.202406191623/tools/bin/../lib/gcc/arm-none-eabi/12.3.1/../../../../arm-none-eabi/lib/thumb/v7e-m+dp/hard\libc_nano.a(libc_a-fstatr.o)
                0x0800cf20                _fstat_r
 .text._isatty_r
                0x0800cf44       0x20 D:/STM32CubeIDE_1.16.0/STM32CubeIDE/plugins/com.st.stm32cube.ide.mcu.externaltools.gnu-tools-for-stm32.12.3.rel1.win32_1.0.200.202406191623/tools/bin/../lib/gcc/arm-none-eabi/12.3.1/../../../../arm-none-eabi/lib/thumb/v7e-m+dp/hard\libc_nano.a(libc_a-isattyr.o)
                0x0800cf44                _isatty_r
 *(.glue_7)
 .glue_7        0x0800cf64        0x0 linker stubs
 *(.glue_7t)
 .glue_7t       0x0800cf64        0x0 linker stubs
 *(.eh_frame)
 .eh_frame      0x0800cf64        0x0 D:/STM32CubeIDE_1.16.0/STM32CubeIDE/plugins/com.st.stm32cube.ide.mcu.externaltools.gnu-tools-for-stm32.12.3.rel1.win32_1.0.200.202406191623/tools/bin/../lib/gcc/arm-none-eabi/12.3.1/thumb/v7e-m+dp/hard/crtbegin.o
 *(.init)
 .init          0x0800cf64        0x4 D:/STM32CubeIDE_1.16.0/STM32CubeIDE/plugins/com.st.stm32cube.ide.mcu.externaltools.gnu-tools-for-stm32.12.3.rel1.win32_1.0.200.202406191623/tools/bin/../lib/gcc/arm-none-eabi/12.3.1/thumb/v7e-m+dp/hard/crti.o
                0x0800cf64                _init
 .init          0x0800cf68        0x8 D:/STM32CubeIDE_1.16.0/STM32CubeIDE/plugins/com.st.stm32cube.ide.mcu.externaltools.gnu-tools-for-stm32.12.3.rel1.win32_1.0.200.202406191623/tools/bin/../lib/gcc/arm-none-eabi/12.3.1/thumb/v7e-m+dp/hard/crtn.o
 *(.fini)
 .fini          0x0800cf70        0x4 D:/STM32CubeIDE_1.16.0/STM32CubeIDE/plugins/com.st.stm32cube.ide.mcu.externaltools.gnu-tools-for-stm32.12.3.rel1.win32_1.0.200.202406191623/tools/bin/../lib/gcc/arm-none-eabi/12.3.1/thumb/v7e-m+dp/hard/crti.o
                0x0800cf70                _fini
 .fini          0x0800cf74        0x8 D:/STM32CubeIDE_1.16.0/STM32CubeIDE/plugins/com.st.stm32cube.ide.mcu.externaltools.gnu-tools-for-stm32.12.3.rel1.win32_1.0.200.202406191623/tools/bin/../lib/gcc/arm-none-eabi/12.3.1/thumb/v7e-m+dp/hard/crtn.o
                0x0800cf7c                        . = ALIGN (0x4)
                0x0800cf7c                        _etext = .

.vfp11_veneer   0x0800cf7c        0x0
 .vfp11_veneer  0x0800cf7c        0x0 linker stubs

.v4_bx          0x0800cf7c        0x0
 .v4_bx         0x0800cf7c        0x0 linker stubs

.iplt           0x0800cf7c        0x0
 .iplt          0x0800cf7c        0x0 D:/STM32CubeIDE_1.16.0/STM32CubeIDE/plugins/com.st.stm32cube.ide.mcu.externaltools.gnu-tools-for-stm32.12.3.rel1.win32_1.0.200.202406191623/tools/bin/../lib/gcc/arm-none-eabi/12.3.1/thumb/v7e-m+dp/hard/crtbegin.o

.rodata         0x0800cf80      0x728
                0x0800cf80                        . = ALIGN (0x4)
 *(.rodata)
 .rodata        0x0800cf80       0x1a ./Core/Src/main.o
 *(.rodata*)
 *fill*         0x0800cf9a        0x2 
 .rodata.font   0x0800cf9c      0x240 ./Core/Src/Hardware/ILI9341_GFX.o
 .rodata.RES_VGA
                0x0800d1dc       0x10 ./Core/Src/Hardware/OV7670.o
                0x0800d1dc                RES_VGA
 .rodata.RES_QVGA
                0x0800d1ec       0x10 ./Core/Src/Hardware/OV7670.o
                0x0800d1ec                RES_QVGA
 .rodata.RES_QQVGA
                0x0800d1fc       0x10 ./Core/Src/Hardware/OV7670.o
                0x0800d1fc                RES_QQVGA
 .rodata.RES_QQQVGA
                0x0800d20c       0x10 ./Core/Src/Hardware/OV7670.o
                0x0800d20c                RES_QQQVGA
 .rodata.RES_CIF
                0x0800d21c       0x10 ./Core/Src/Hardware/OV7670.o
                0x0800d21c                RES_CIF
 .rodata.RES_QCIF
                0x0800d22c       0x10 ./Core/Src/Hardware/OV7670.o
                0x0800d22c                RES_QCIF
 .rodata.RES_QQCIF
                0x0800d23c       0x10 ./Core/Src/Hardware/OV7670.o
                0x0800d23c                RES_QQCIF
 .rodata.defaults
                0x0800d24c       0x14 ./Core/Src/Hardware/OV7670.o
                0x0800d24c                defaults
 .rodata.AHBPrescTable
                0x0800d260       0x10 ./Core/Src/system_stm32f7xx.o
                0x0800d260                AHBPrescTable
 .rodata.flagBitshiftOffset.0
                0x0800d270        0x8 ./Drivers/STM32F7xx_HAL_Driver/Src/stm32f7xx_hal_dma.o
 .rodata._printf_float.str1.1
                0x0800d278       0x12 D:/STM32CubeIDE_1.16.0/STM32CubeIDE/plugins/com.st.stm32cube.ide.mcu.externaltools.gnu-tools-for-stm32.12.3.rel1.win32_1.0.200.202406191623/tools/bin/../lib/gcc/arm-none-eabi/12.3.1/../../../../arm-none-eabi/lib/thumb/v7e-m+dp/hard\libc_nano.a(libc_a-nano-vfprintf_float.o)
 .rodata._printf_i.str1.1
                0x0800d28a       0x22 D:/STM32CubeIDE_1.16.0/STM32CubeIDE/plugins/com.st.stm32cube.ide.mcu.externaltools.gnu-tools-for-stm32.12.3.rel1.win32_1.0.200.202406191623/tools/bin/../lib/gcc/arm-none-eabi/12.3.1/../../../../arm-none-eabi/lib/thumb/v7e-m+dp/hard\libc_nano.a(libc_a-nano-vfprintf_i.o)
 .rodata._scanf_float.str1.1
                0x0800d2ac        0x5 D:/STM32CubeIDE_1.16.0/STM32CubeIDE/plugins/com.st.stm32cube.ide.mcu.externaltools.gnu-tools-for-stm32.12.3.rel1.win32_1.0.200.202406191623/tools/bin/../lib/gcc/arm-none-eabi/12.3.1/../../../../arm-none-eabi/lib/thumb/v7e-m+dp/hard\libc_nano.a(libc_a-nano-vfscanf_float.o)
                                  0x6 (size before relaxing)
 .rodata._dtoa_r.str1.1
                0x0800d2b1       0x8d D:/STM32CubeIDE_1.16.0/STM32CubeIDE/plugins/com.st.stm32cube.ide.mcu.externaltools.gnu-tools-for-stm32.12.3.rel1.win32_1.0.200.202406191623/tools/bin/../lib/gcc/arm-none-eabi/12.3.1/../../../../arm-none-eabi/lib/thumb/v7e-m+dp/hard\libc_nano.a(libc_a-dtoa.o)
                                 0x8f (size before relaxing)
 .rodata._Balloc.str1.1
                0x0800d33e       0x59 D:/STM32CubeIDE_1.16.0/STM32CubeIDE/plugins/com.st.stm32cube.ide.mcu.externaltools.gnu-tools-for-stm32.12.3.rel1.win32_1.0.200.202406191623/tools/bin/../lib/gcc/arm-none-eabi/12.3.1/../../../../arm-none-eabi/lib/thumb/v7e-m+dp/hard\libc_nano.a(libc_a-mprec.o)
                                 0x70 (size before relaxing)
 .rodata.__multadd.str1.1
                0x0800d397       0x11 D:/STM32CubeIDE_1.16.0/STM32CubeIDE/plugins/com.st.stm32cube.ide.mcu.externaltools.gnu-tools-for-stm32.12.3.rel1.win32_1.0.200.202406191623/tools/bin/../lib/gcc/arm-none-eabi/12.3.1/../../../../arm-none-eabi/lib/thumb/v7e-m+dp/hard\libc_nano.a(libc_a-mprec.o)
 *fill*         0x0800d397        0x1 
 .rodata.p05.0  0x0800d398        0xc D:/STM32CubeIDE_1.16.0/STM32CubeIDE/plugins/com.st.stm32cube.ide.mcu.externaltools.gnu-tools-for-stm32.12.3.rel1.win32_1.0.200.202406191623/tools/bin/../lib/gcc/arm-none-eabi/12.3.1/../../../../arm-none-eabi/lib/thumb/v7e-m+dp/hard\libc_nano.a(libc_a-mprec.o)
 *fill*         0x0800d3a4        0x4 
 .rodata.__mprec_bigtens
                0x0800d3a8       0x28 D:/STM32CubeIDE_1.16.0/STM32CubeIDE/plugins/com.st.stm32cube.ide.mcu.externaltools.gnu-tools-for-stm32.12.3.rel1.win32_1.0.200.202406191623/tools/bin/../lib/gcc/arm-none-eabi/12.3.1/../../../../arm-none-eabi/lib/thumb/v7e-m+dp/hard\libc_nano.a(libc_a-mprec.o)
                0x0800d3a8                __mprec_bigtens
 .rodata.__mprec_tens
                0x0800d3d0       0xc8 D:/STM32CubeIDE_1.16.0/STM32CubeIDE/plugins/com.st.stm32cube.ide.mcu.externaltools.gnu-tools-for-stm32.12.3.rel1.win32_1.0.200.202406191623/tools/bin/../lib/gcc/arm-none-eabi/12.3.1/../../../../arm-none-eabi/lib/thumb/v7e-m+dp/hard\libc_nano.a(libc_a-mprec.o)
                0x0800d3d0                __mprec_tens
 .rodata._strtod_l.str1.1
                0x0800d498        0x2 D:/STM32CubeIDE_1.16.0/STM32CubeIDE/plugins/com.st.stm32cube.ide.mcu.externaltools.gnu-tools-for-stm32.12.3.rel1.win32_1.0.200.202406191623/tools/bin/../lib/gcc/arm-none-eabi/12.3.1/../../../../arm-none-eabi/lib/thumb/v7e-m+dp/hard\libc_nano.a(libc_a-strtod.o)
                                  0xf (size before relaxing)
 *fill*         0x0800d49a        0x2 
 .rodata.fpinan.0
                0x0800d49c       0x14 D:/STM32CubeIDE_1.16.0/STM32CubeIDE/plugins/com.st.stm32cube.ide.mcu.externaltools.gnu-tools-for-stm32.12.3.rel1.win32_1.0.200.202406191623/tools/bin/../lib/gcc/arm-none-eabi/12.3.1/../../../../arm-none-eabi/lib/thumb/v7e-m+dp/hard\libc_nano.a(libc_a-strtod.o)
 .rodata.fpi.1  0x0800d4b0       0x14 D:/STM32CubeIDE_1.16.0/STM32CubeIDE/plugins/com.st.stm32cube.ide.mcu.externaltools.gnu-tools-for-stm32.12.3.rel1.win32_1.0.200.202406191623/tools/bin/../lib/gcc/arm-none-eabi/12.3.1/../../../../arm-none-eabi/lib/thumb/v7e-m+dp/hard\libc_nano.a(libc_a-strtod.o)
 *fill*         0x0800d4c4        0x4 
 .rodata.tinytens
                0x0800d4c8       0x28 D:/STM32CubeIDE_1.16.0/STM32CubeIDE/plugins/com.st.stm32cube.ide.mcu.externaltools.gnu-tools-for-stm32.12.3.rel1.win32_1.0.200.202406191623/tools/bin/../lib/gcc/arm-none-eabi/12.3.1/../../../../arm-none-eabi/lib/thumb/v7e-m+dp/hard\libc_nano.a(libc_a-strtod.o)
 .rodata._ctype_
                0x0800d4f0      0x101 D:/STM32CubeIDE_1.16.0/STM32CubeIDE/plugins/com.st.stm32cube.ide.mcu.externaltools.gnu-tools-for-stm32.12.3.rel1.win32_1.0.200.202406191623/tools/bin/../lib/gcc/arm-none-eabi/12.3.1/../../../../arm-none-eabi/lib/thumb/v7e-m+dp/hard\libc_nano.a(libc_a-ctype_.o)
                0x0800d4f0                _ctype_
 .rodata._svfprintf_r.str1.1
                0x0800d5f1       0x11 D:/STM32CubeIDE_1.16.0/STM32CubeIDE/plugins/com.st.stm32cube.ide.mcu.externaltools.gnu-tools-for-stm32.12.3.rel1.win32_1.0.200.202406191623/tools/bin/../lib/gcc/arm-none-eabi/12.3.1/../../../../arm-none-eabi/lib/thumb/v7e-m+dp/hard\libc_nano.a(libc_a-nano-svfprintf.o)
 .rodata._setlocale_r.str1.1
                0x0800d602        0x8 D:/STM32CubeIDE_1.16.0/STM32CubeIDE/plugins/com.st.stm32cube.ide.mcu.externaltools.gnu-tools-for-stm32.12.3.rel1.win32_1.0.200.202406191623/tools/bin/../lib/gcc/arm-none-eabi/12.3.1/../../../../arm-none-eabi/lib/thumb/v7e-m+dp/hard\libc_nano.a(libc_a-locale.o)
                                  0x9 (size before relaxing)
 .rodata.str1.1
                0x0800d60a        0x2 D:/STM32CubeIDE_1.16.0/STM32CubeIDE/plugins/com.st.stm32cube.ide.mcu.externaltools.gnu-tools-for-stm32.12.3.rel1.win32_1.0.200.202406191623/tools/bin/../lib/gcc/arm-none-eabi/12.3.1/../../../../arm-none-eabi/lib/thumb/v7e-m+dp/hard\libc_nano.a(libc_a-locale.o)
 .rodata.__assert_func.str1.1
                0x0800d60a       0x3c D:/STM32CubeIDE_1.16.0/STM32CubeIDE/plugins/com.st.stm32cube.ide.mcu.externaltools.gnu-tools-for-stm32.12.3.rel1.win32_1.0.200.202406191623/tools/bin/../lib/gcc/arm-none-eabi/12.3.1/../../../../arm-none-eabi/lib/thumb/v7e-m+dp/hard\libc_nano.a(libc_a-assert.o)
                                 0x3d (size before relaxing)
 .rodata.__gethex.str1.1
                0x0800d646       0x60 D:/STM32CubeIDE_1.16.0/STM32CubeIDE/plugins/com.st.stm32cube.ide.mcu.externaltools.gnu-tools-for-stm32.12.3.rel1.win32_1.0.200.202406191623/tools/bin/../lib/gcc/arm-none-eabi/12.3.1/../../../../arm-none-eabi/lib/thumb/v7e-m+dp/hard\libc_nano.a(libc_a-gdtoa-gethex.o)
                                 0x73 (size before relaxing)
 .rodata._vfprintf_r.str1.1
                0x0800d6a6       0x11 D:/STM32CubeIDE_1.16.0/STM32CubeIDE/plugins/com.st.stm32cube.ide.mcu.externaltools.gnu-tools-for-stm32.12.3.rel1.win32_1.0.200.202406191623/tools/bin/../lib/gcc/arm-none-eabi/12.3.1/../../../../arm-none-eabi/lib/thumb/v7e-m+dp/hard\libc_nano.a(libc_a-nano-vfprintf.o)
                0x0800d6b8                        . = ALIGN (0x4)
 *fill*         0x0800d6a6        0x2 

.ARM.extab      0x0800d6a8        0x0
                0x0800d6a8                        . = ALIGN (0x4)
 *(.ARM.extab* .gnu.linkonce.armextab.*)
                0x0800d6a8                        . = ALIGN (0x4)

.ARM            0x0800d6a8        0x8
                0x0800d6a8                        . = ALIGN (0x4)
                0x0800d6a8                        __exidx_start = .
 *(.ARM.exidx*)
 .ARM.exidx     0x0800d6a8        0x8 D:/STM32CubeIDE_1.16.0/STM32CubeIDE/plugins/com.st.stm32cube.ide.mcu.externaltools.gnu-tools-for-stm32.12.3.rel1.win32_1.0.200.202406191623/tools/bin/../lib/gcc/arm-none-eabi/12.3.1/../../../../arm-none-eabi/lib/thumb/v7e-m+dp/hard\libc_nano.a(libc_a-memchr.o)
 .ARM.exidx     0x0800d6b0        0x0 D:/STM32CubeIDE_1.16.0/STM32CubeIDE/plugins/com.st.stm32cube.ide.mcu.externaltools.gnu-tools-for-stm32.12.3.rel1.win32_1.0.200.202406191623/tools/bin/../lib/gcc/arm-none-eabi/12.3.1/../../../../arm-none-eabi/lib/thumb/v7e-m+dp/hard\libc_nano.a(libc_a-strlen.o)
                                  0x8 (size before relaxing)
 .ARM.exidx     0x0800d6b0        0x0 D:/STM32CubeIDE_1.16.0/STM32CubeIDE/plugins/com.st.stm32cube.ide.mcu.externaltools.gnu-tools-for-stm32.12.3.rel1.win32_1.0.200.202406191623/tools/bin/../lib/gcc/arm-none-eabi/12.3.1/thumb/v7e-m+dp/hard\libgcc.a(_udivmoddi4.o)
                                  0x8 (size before relaxing)
                0x0800d6b0                        __exidx_end = .
                0x0800d6b0                        . = ALIGN (0x4)

.preinit_array  0x0800d6b0        0x0
                0x0800d6b0                        . = ALIGN (0x4)
                0x0800d6b0                        PROVIDE (__preinit_array_start = .)
 *(.preinit_array*)
                0x0800d6b0                        PROVIDE (__preinit_array_end = .)
                0x0800d6b0                        . = ALIGN (0x4)

.init_array     0x0800d6b0        0x4
                0x0800d6b0                        . = ALIGN (0x4)
                0x0800d6b0                        PROVIDE (__init_array_start = .)
 *(SORT_BY_NAME(.init_array.*))
 *(.init_array*)
 .init_array    0x0800d6b0        0x4 D:/STM32CubeIDE_1.16.0/STM32CubeIDE/plugins/com.st.stm32cube.ide.mcu.externaltools.gnu-tools-for-stm32.12.3.rel1.win32_1.0.200.202406191623/tools/bin/../lib/gcc/arm-none-eabi/12.3.1/thumb/v7e-m+dp/hard/crtbegin.o
                0x0800d6b4                        PROVIDE (__init_array_end = .)
                0x0800d6b4                        . = ALIGN (0x4)

.fini_array     0x0800d6b4        0x4
                0x0800d6b4                        . = ALIGN (0x4)
                [!provide]                        PROVIDE (__fini_array_start = .)
 *(SORT_BY_NAME(.fini_array.*))
 *(.fini_array*)
 .fini_array    0x0800d6b4        0x4 D:/STM32CubeIDE_1.16.0/STM32CubeIDE/plugins/com.st.stm32cube.ide.mcu.externaltools.gnu-tools-for-stm32.12.3.rel1.win32_1.0.200.202406191623/tools/bin/../lib/gcc/arm-none-eabi/12.3.1/thumb/v7e-m+dp/hard/crtbegin.o
                [!provide]                        PROVIDE (__fini_array_end = .)
                0x0800d6b8                        . = ALIGN (0x4)
                0x0800d6b8                        _sidata = LOADADDR (.data)

.rel.dyn        0x0800d6b8        0x0
 .rel.iplt      0x0800d6b8        0x0 D:/STM32CubeIDE_1.16.0/STM32CubeIDE/plugins/com.st.stm32cube.ide.mcu.externaltools.gnu-tools-for-stm32.12.3.rel1.win32_1.0.200.202406191623/tools/bin/../lib/gcc/arm-none-eabi/12.3.1/thumb/v7e-m+dp/hard/crtbegin.o

.data           0x20000000      0x208 load address 0x0800d6b8
                0x20000000                        . = ALIGN (0x4)
                0x20000000                        _sdata = .
 *(.data)
 *(.data*)
 .data.LCD_HEIGHT
                0x20000000        0x2 ./Core/Src/Hardware/ILI9341_STM32_Driver.o
                0x20000000                LCD_HEIGHT
 .data.LCD_WIDTH
                0x20000002        0x2 ./Core/Src/Hardware/ILI9341_STM32_Driver.o
                0x20000002                LCD_WIDTH
 .data.img_width
                0x20000004        0x2 ./Core/Src/Hardware/OV7670.o
 .data.img_height
                0x20000006        0x2 ./Core/Src/Hardware/OV7670.o
 .data.mtx_yuv  0x20000008        0x6 ./Core/Src/Hardware/OV7670.o
 *fill*         0x2000000e        0x2 
 .data.mtx_rgb  0x20000010        0x6 ./Core/Src/Hardware/OV7670.o
 *fill*         0x20000016        0x2 
 .data.OV7670_settings
                0x20000018       0x1c ./Core/Src/main.o
                0x20000018                OV7670_settings
 .data.SystemCoreClock
                0x20000034        0x4 ./Core/Src/system_stm32f7xx.o
                0x20000034                SystemCoreClock
 .data.uwTickPrio
                0x20000038        0x4 ./Drivers/STM32F7xx_HAL_Driver/Src/stm32f7xx_hal.o
                0x20000038                uwTickPrio
 .data.uwTickFreq
                0x2000003c        0x1 ./Drivers/STM32F7xx_HAL_Driver/Src/stm32f7xx_hal.o
                0x2000003c                uwTickFreq
 *fill*         0x2000003d        0x3 